Component: ARM Compiler 5.06 update 6 (build 750) Tool: armlink [4d35ed]

==============================================================================

Section Cross References

    startup_stm32f103xb.o(RESET) refers to startup_stm32f103xb.o(STACK) for __initial_sp
    startup_stm32f103xb.o(RESET) refers to startup_stm32f103xb.o(.text) for Reset_Handler
    startup_stm32f103xb.o(RESET) refers to stm32f1xx_it.o(i.NMI_Handler) for NMI_Handler
    startup_stm32f103xb.o(RESET) refers to stm32f1xx_it.o(i.HardFault_Handler) for HardFault_Handler
    startup_stm32f103xb.o(RESET) refers to stm32f1xx_it.o(i.MemManage_Handler) for MemManage_Handler
    startup_stm32f103xb.o(RESET) refers to stm32f1xx_it.o(i.BusFault_Handler) for BusFault_Handler
    startup_stm32f103xb.o(RESET) refers to stm32f1xx_it.o(i.UsageFault_Handler) for UsageFault_Handler
    startup_stm32f103xb.o(RESET) refers to stm32f1xx_it.o(i.SVC_Handler) for SVC_Handler
    startup_stm32f103xb.o(RESET) refers to stm32f1xx_it.o(i.DebugMon_Handler) for DebugMon_Handler
    startup_stm32f103xb.o(RESET) refers to stm32f1xx_it.o(i.PendSV_Handler) for PendSV_Handler
    startup_stm32f103xb.o(RESET) refers to stm32f1xx_it.o(i.SysTick_Handler) for SysTick_Handler
    startup_stm32f103xb.o(RESET) refers to stm32f1xx_it.o(i.USB_LP_CAN1_RX0_IRQHandler) for USB_LP_CAN1_RX0_IRQHandler
    startup_stm32f103xb.o(RESET) refers to stm32f1xx_it.o(i.TIM4_IRQHandler) for TIM4_IRQHandler
    startup_stm32f103xb.o(.text) refers to system_stm32f1xx.o(i.SystemInit) for SystemInit
    startup_stm32f103xb.o(.text) refers to entry.o(.ARM.Collect$$$$00000000) for __main
    debug.o(i.fputc) refers to stm32f1xx_hal_uart.o(i.HAL_UART_Transmit) for HAL_UART_Transmit
    debug.o(i.fputc) refers to usart.o(.bss) for huart1
    hal_key.o(i.hal_key_debounce) refers to hal_key.o(i.hal_key_scan) for hal_key_scan
    hal_key.o(i.hal_key_init) refers to stm32f1xx_hal_gpio.o(i.HAL_GPIO_WritePin) for HAL_GPIO_WritePin
    hal_key.o(i.hal_key_init) refers to spi.o(.bss) for hspi1
    hal_key.o(i.hal_key_init) refers to hal_key.o(.data) for .data
    hal_key.o(i.hal_key_scan) refers to memseta.o(.text) for __aeabi_memset
    hal_key.o(i.hal_key_scan) refers to stm32f1xx_hal_gpio.o(i.HAL_GPIO_WritePin) for HAL_GPIO_WritePin
    hal_key.o(i.hal_key_scan) refers to hal_key.o(.data) for .data
    hal_key.o(i.hal_key_scan) refers to hal_key.o(.bss) for .bss
    hal_key.o(i.is_fn_key_press) refers to hal_key.o(.bss) for .bss
    hal_key.o(i.key_remap) refers to hal_key.o(i.is_fn_key_press) for is_fn_key_press
    hal_key.o(i.key_remap) refers to memseta.o(.text) for __aeabi_memclr
    hal_key.o(i.key_remap) refers to hal_key.o(.bss) for .bss
    hal_key.o(i.key_remap) refers to hal_key.o(.constdata) for .constdata
    main.o(i.SystemClock_Config) refers to memseta.o(.text) for __aeabi_memclr4
    main.o(i.SystemClock_Config) refers to stm32f1xx_hal_rcc.o(i.HAL_RCC_OscConfig) for HAL_RCC_OscConfig
    main.o(i.SystemClock_Config) refers to stm32f1xx_hal_rcc.o(i.HAL_RCC_ClockConfig) for HAL_RCC_ClockConfig
    main.o(i.SystemClock_Config) refers to stm32f1xx_hal_rcc_ex.o(i.HAL_RCCEx_PeriphCLKConfig) for HAL_RCCEx_PeriphCLKConfig
    main.o(i.key_time_callback) refers to hal_key.o(i.hal_key_scan) for hal_key_scan
    main.o(i.key_time_callback) refers to hal_key.o(i.hal_key_debounce) for hal_key_debounce
    main.o(i.key_time_callback) refers to hal_key.o(i.key_remap) for key_remap
    main.o(i.key_time_callback) refers to usbd_customhid.o(i.USBD_CUSTOM_HID_SendReport) for USBD_CUSTOM_HID_SendReport
    main.o(i.key_time_callback) refers to usb_device.o(.bss) for hUsbDeviceFS
    main.o(i.main) refers to stm32f1xx_hal.o(i.HAL_Init) for HAL_Init
    main.o(i.main) refers to main.o(i.SystemClock_Config) for SystemClock_Config
    main.o(i.main) refers to gpio.o(i.MX_GPIO_Init) for MX_GPIO_Init
    main.o(i.main) refers to spi.o(i.MX_SPI1_Init) for MX_SPI1_Init
    main.o(i.main) refers to usart.o(i.MX_USART1_UART_Init) for MX_USART1_UART_Init
    main.o(i.main) refers to usb_device.o(i.MX_USB_DEVICE_Init) for MX_USB_DEVICE_Init
    main.o(i.main) refers to tim.o(i.MX_TIM4_Init) for MX_TIM4_Init
    main.o(i.main) refers to hal_key.o(i.hal_key_init) for hal_key_init
    main.o(i.main) refers to printfb.o(i.__0printf$bare) for __2printf
    main.o(i.main) refers to stm32f1xx_hal_tim.o(i.HAL_TIM_Base_Start_IT) for HAL_TIM_Base_Start_IT
    main.o(i.main) refers to tim.o(.bss) for htim4
    gpio.o(i.MX_GPIO_Init) refers to stm32f1xx_hal_gpio.o(i.HAL_GPIO_WritePin) for HAL_GPIO_WritePin
    gpio.o(i.MX_GPIO_Init) refers to stm32f1xx_hal_gpio.o(i.HAL_GPIO_Init) for HAL_GPIO_Init
    spi.o(i.HAL_SPI_MspDeInit) refers to stm32f1xx_hal_gpio.o(i.HAL_GPIO_DeInit) for HAL_GPIO_DeInit
    spi.o(i.HAL_SPI_MspInit) refers to stm32f1xx_hal_gpio.o(i.HAL_GPIO_Init) for HAL_GPIO_Init
    spi.o(i.MX_SPI1_Init) refers to stm32f1xx_hal_spi.o(i.HAL_SPI_Init) for HAL_SPI_Init
[...]
    ../clib/microlib/init/entry.s            0x00000000   Number         0  entry9b.o ABSOLUTE
    ../clib/microlib/init/entry.s            0x00000000   Number         0  entry9a.o ABSOLUTE
    ../clib/microlib/init/entry.s            0x00000000   Number         0  entry8b.o ABSOLUTE
    ../clib/microlib/init/entry.s            0x00000000   Number         0  entry8a.o ABSOLUTE
    ../clib/microlib/longlong.c              0x00000000   Number         0  llshl.o ABSOLUTE
    ../clib/microlib/longlong.c              0x00000000   Number         0  llsshr.o ABSOLUTE
    ../clib/microlib/longlong.c              0x00000000   Number         0  llushr.o ABSOLUTE
    ../clib/microlib/printf/printf.c         0x00000000   Number         0  printf1.o ABSOLUTE
    ../clib/microlib/printf/printf.c         0x00000000   Number         0  printf5.o ABSOLUTE
    ../clib/microlib/printf/printf.c         0x00000000   Number         0  printfa.o ABSOLUTE
    ../clib/microlib/printf/printf.c         0x00000000   Number         0  printf8.o ABSOLUTE
    ../clib/microlib/printf/printf.c         0x00000000   Number         0  printf7.o ABSOLUTE
    ../clib/microlib/printf/printf.c         0x00000000   Number         0  printf6.o ABSOLUTE
    ../clib/microlib/printf/printf.c         0x00000000   Number         0  printf4.o ABSOLUTE
    ../clib/microlib/printf/printf.c         0x00000000   Number         0  printf0.o ABSOLUTE
    ../clib/microlib/printf/printf.c         0x00000000   Number         0  printf3.o ABSOLUTE
    ../clib/microlib/printf/printf.c         0x00000000   Number         0  printf2.o ABSOLUTE
    ../clib/microlib/printf/printf.c         0x00000000   Number         0  printfb.o ABSOLUTE
    ../clib/microlib/stdio/streams.c         0x00000000   Number         0  stdout.o ABSOLUTE
    ../clib/microlib/string/memcpy.c         0x00000000   Number         0  memcpyb.o ABSOLUTE
    ../clib/microlib/string/memcpy.c         0x00000000   Number         0  memcpya.o ABSOLUTE
    ../clib/microlib/string/memset.c         0x00000000   Number         0  memseta.o ABSOLUTE
    ../clib/microlib/stubs.s                 0x00000000   Number         0  iusefp.o ABSOLUTE
    ../fplib/microlib/fpadd.c                0x00000000   Number         0  dadd.o ABSOLUTE
    ../fplib/microlib/fpdiv.c                0x00000000   Number         0  ddiv.o ABSOLUTE
    ../fplib/microlib/fpepilogue.c           0x00000000   Number         0  depilogue.o ABSOLUTE
    ../fplib/microlib/fpfix.c                0x00000000   Number         0  dfixul.o ABSOLUTE
    ../fplib/microlib/fpmul.c                0x00000000   Number         0  dmul.o ABSOLUTE
    ..\Core\Src\debug.c                      0x00000000   Number         0  debug.o ABSOLUTE
    ..\Core\Src\gpio.c                       0x00000000   Number         0  gpio.o ABSOLUTE
    ..\Core\Src\hal_key.c                    0x00000000   Number         0  hal_key.o ABSOLUTE
    ..\Core\Src\main.c                       0x00000000   Number         0  main.o ABSOLUTE
    ..\Core\Src\spi.c                        0x00000000   Number         0  spi.o ABSOLUTE
    ..\Core\Src\stm32f1xx_hal_msp.c          0x00000000   Number         0  stm32f1xx_hal_msp.o ABSOLUTE
    ..\Core\Src\stm32f1xx_it.c               0x00000000   Number         0  stm32f1xx_it.o ABSOLUTE
    ..\Core\Src\system_stm32f1xx.c           0x00000000   Number         0  system_stm32f1xx.o ABSOLUTE
    ..\Core\Src\tim.c                        0x00000000   Number         0  tim.o ABSOLUTE
    ..\Core\Src\usart.c                      0x00000000   Number         0  usart.o ABSOLUTE
    ..\Drivers\STM32F1xx_HAL_Driver\Src\stm32f1xx_hal.c 0x00000000   Number         0  stm32f1xx_hal.o ABSOLUTE
    ..\Drivers\STM32F1xx_HAL_Driver\Src\stm32f1xx_hal_cortex.c 0x00000000   Number         0  stm32f1xx_hal_cortex.o ABSOLUTE
    ..\Drivers\STM32F1xx_HAL_Driver\Src\stm32f1xx_hal_dma.c 0x00000000   Number         0  stm32f1xx_hal_dma.o ABSOLUTE
    ..\Drivers\STM32F1xx_HAL_Driver\Src\stm32f1xx_hal_exti.c 0x00000000   Number         0  stm32f1xx_hal_exti.o ABSOLUTE
    ..\Drivers\STM32F1xx_HAL_Driver\Src\stm32f1xx_hal_flash.c 0x00000000   Number         0  stm32f1xx_hal_flash.o ABSOLUTE
    ..\Drivers\STM32F1xx_HAL_Driver\Src\stm32f1xx_hal_flash_ex.c 0x00000000   Number         0  stm32f1xx_hal_flash_ex.o ABSOLUTE
    ..\Drivers\STM32F1xx_HAL_Driver\Src\stm32f1xx_hal_gpio.c 0x00000000   Number         0  stm32f1xx_hal_gpio.o ABSOLUTE
    ..\Drivers\STM32F1xx_HAL_Driver\Src\stm32f1xx_hal_gpio_ex.c 0x00000000   Number         0  stm32f1xx_hal_gpio_ex.o ABSOLUTE
    ..\Drivers\STM32F1xx_HAL_Driver\Src\stm32f1xx_hal_pcd.c 0x00000000   Number         0  stm32f1xx_hal_pcd.o ABSOLUTE
    ..\Drivers\STM32F1xx_HAL_Driver\Src\stm32f1xx_hal_pcd_ex.c 0x00000000   Number         0  stm32f1xx_hal_pcd_ex.o ABSOLUTE
    ..\Drivers\STM32F1xx_HAL_Driver\Src\stm32f1xx_hal_pwr.c 0x00000000   Number         0  stm32f1xx_hal_pwr.o ABSOLUTE
    ..\Drivers\STM32F1xx_HAL_Driver\Src\stm32f1xx_hal_rcc.c 0x00000000   Number         0  stm32f1xx_hal_rcc.o ABSOLUTE
    ..\Drivers\STM32F1xx_HAL_Driver\Src\stm32f1xx_hal_rcc_ex.c 0x00000000   Number         0  stm32f1xx_hal_rcc_ex.o ABSOLUTE
    ..\Drivers\STM32F1xx_HAL_Driver\Src\stm32f1xx_hal_spi.c 0x00000000   Number         0  stm32f1xx_hal_spi.o ABSOLUTE
    ..\Drivers\STM32F1xx_HAL_Driver\Src\stm32f1xx_hal_tim.c 0x00000000   Number         0  stm32f1xx_hal_tim.o ABSOLUTE
    ..\Drivers\STM32F1xx_HAL_Driver\Src\stm32f1xx_hal_tim_ex.c 0x00000000   Number         0  stm32f1xx_hal_tim_ex.o ABSOLUTE
    ..\Drivers\STM32F1xx_HAL_Driver\Src\stm32f1xx_hal_uart.c 0x00000000   Number         0  stm32f1xx_hal_uart.o ABSOLUTE
    ..\Drivers\STM32F1xx_HAL_Driver\Src\stm32f1xx_ll_usb.c 0x00000000   Number         0  stm32f1xx_ll_usb.o ABSOLUTE
    ..\Middlewares\ST\STM32_USB_Device_Library\Class\CustomHID\Src\usbd_customhid.c 0x00000000   Number         0  usbd_customhid.o ABSOLUTE
    ..\Middlewares\ST\STM32_USB_Device_Library\Core\Src\usbd_core.c 0x00000000   Number         0  usbd_core.o ABSOLUTE
    ..\Middlewares\ST\STM32_USB_Device_Library\Core\Src\usbd_ctlreq.c 0x00000000   Number         0  usbd_ctlreq.o ABSOLUTE
    ..\Middlewares\ST\STM32_USB_Device_Library\Core\Src\usbd_ioreq.c 0x00000000   Number         0  usbd_ioreq.o ABSOLUTE
    ..\USB_DEVICE\App\usb_device.c           0x00000000   Number         0  usb_device.o ABSOLUTE
    ..\USB_DEVICE\App\usbd_custom_hid_if.c   0x00000000   Number         0  usbd_custom_hid_if.o ABSOLUTE
    ..\USB_DEVICE\App\usbd_desc.c            0x00000000   Number         0  usbd_desc.o ABSOLUTE
    ..\USB_DEVICE\Target\usbd_conf.c         0x00000000   Number         0  usbd_conf.o ABSOLUTE
    ..\\Core\\Src\\debug.c                   0x00000000   Number         0  debug.o ABSOLUTE
    ..\\Core\\Src\\hal_key.c                 0x00000000   Number         0  hal_key.o ABSOLUTE
    cdrcmple.s                               0x00000000   Number         0  cdrcmple.o ABSOLUTE
    dc.s                                     0x00000000   Number         0  dc.o ABSOLUTE
    handlers.s                               0x00000000   Number         0  handlers.o ABSOLUTE
    init.s                                   0x00000000   Number         0  init.o ABSOLUTE
    startup_stm32f103xb.s                    0x00000000   Number         0  startup_stm32f103xb.o ABSOLUTE
    RESET                                    0x08000000   Section      236  startup_stm32f103xb.o(RESET)
    .ARM.Collect$$$$00000000                 0x080000ec   Section        0  entry.o(.ARM.Collect$$$$00000000)
    .ARM.Collect$$$$00000001                 0x080000ec   Section        4  entry2.o(.ARM.Collect$$$$00000001)
    .ARM.Collect$$$$00000004                 0x080000f0   Section        4  entry5.o(.ARM.Collect$$$$00000004)
    .ARM.Collect$$$$00000008                 0x080000f4   Section        0  entry7b.o(.ARM.Collect$$$$00000008)
    .ARM.Collect$$$$0000000A                 0x080000f4   Section        0  entry8b.o(.ARM.Collect$$$$0000000A)
    .ARM.Collect$$$$0000000B                 0x080000f4   Section        8  entry9a.o(.ARM.Collect$$$$0000000B)
    .ARM.Collect$$$$0000000D                 0x080000fc   Section        0  entry10a.o(.ARM.Collect$$$$0000000D)
    .ARM.Collect$$$$0000000F                 0x080000fc   Section        0  entry11a.o(.ARM.Collect$$$$0000000F)
    .ARM.Collect$$$$00002712                 0x080000fc   Section        4  entry2.o(.ARM.Collect$$$$00002712)
    __lit__00000000                          0x080000fc   Data           4  entry2.o(.ARM.Collect$$$$00002712)
    .text                                    0x08000100   Section       36  startup_stm32f103xb.o(.text)
    .text                                    0x08000124   Section        0  memcpya.o(.text)
    .text                                    0x08000148   Section        0  memseta.o(.text)
    .text                                    0x0800016c   Section       36  init.o(.text)
    .text                                    0x08000190   Section        0  __dczerorl2.o(.text)
    i.BusFault_Handler                       0x080001e6   Section        0  stm32f1xx_it.o(i.BusFault_Handler)
    i.CUSTOM_HID_DeInit_FS                   0x080001e8   Section        0  usbd_custom_hid_if.o(i.CUSTOM_HID_DeInit_FS)
    CUSTOM_HID_DeInit_FS                     0x080001e9   Thumb Code     4  usbd_custom_hid_if.o(i.CUSTOM_HID_DeInit_FS)
    i.CUSTOM_HID_Init_FS                     0x080001ec   Section        0  usbd_custom_hid_if.o(i.CUSTOM_HID_Init_FS)
    CUSTOM_HID_Init_FS                       0x080001ed   Thumb Code     4  usbd_custom_hid_if.o(i.CUSTOM_HID_Init_FS)
    i.CUSTOM_HID_OutEvent_FS                 0x080001f0   Section        0  usbd_custom_hid_if.o(i.CUSTOM_HID_OutEvent_FS)
    CUSTOM_HID_OutEvent_FS                   0x080001f1   Thumb Code     4  usbd_custom_hid_if.o(i.CUSTOM_HID_OutEvent_FS)
    i.DebugMon_Handler                       0x080001f4   Section        0  stm32f1xx_it.o(i.DebugMon_Handler)
    i.Error_Handler                          0x080001f6   Section        0  main.o(i.Error_Handler)
    i.HAL_GPIO_Init                          0x080001fc   Section        0  stm32f1xx_hal_gpio.o(i.HAL_GPIO_Init)
    i.HAL_GPIO_WritePin                      0x080003dc   Section        0  stm32f1xx_hal_gpio.o(i.HAL_GPIO_WritePin)
    i.HAL_GetTick                            0x080003e8   Section        0  stm32f1xx_hal.o(i.HAL_GetTick)
    i.HAL_IncTick                            0x080003f4   Section        0  stm32f1xx_hal.o(i.HAL_IncTick)
    i.HAL_Init                               0x08000404   Section        0  stm32f1xx_hal.o(i.HAL_Init)
    i.HAL_InitTick                           0x08000428   Section        0  stm32f1xx_hal.o(i.HAL_InitTick)
    i.HAL_MspInit                            0x08000468   Section        0  stm32f1xx_hal_msp.o(i.HAL_MspInit)
    i.HAL_NVIC_EnableIRQ                     0x08000494   Section        0  stm32f1xx_hal_cortex.o(i.HAL_NVIC_EnableIRQ)
    i.HAL_NVIC_SetPriority                   0x080004b0   Section        0  stm32f1xx_hal_cortex.o(i.HAL_NVIC_SetPriority)
    i.HAL_NVIC_SetPriorityGrouping           0x080004f0   Section        0  stm32f1xx_hal_cortex.o(i.HAL_NVIC_SetPriorityGrouping)
    i.HAL_PCDEx_PMAConfig                    0x08000514   Section        0  stm32f1xx_hal_pcd_ex.o(i.HAL_PCDEx_PMAConfig)
    i.HAL_PCDEx_SetConnectionState           0x08000550   Section        0  usbd_conf.o(i.HAL_PCDEx_SetConnectionState)
    i.HAL_PCD_DataInStageCallback            0x08000552   Section        0  usbd_conf.o(i.HAL_PCD_DataInStageCallback)
    i.HAL_PCD_DataOutStageCallback           0x08000564   Section        0  usbd_conf.o(i.HAL_PCD_DataOutStageCallback)
    i.HAL_PCD_EP_Close                       0x08000578   Section        0  stm32f1xx_hal_pcd.o(i.HAL_PCD_EP_Close)
    i.HAL_PCD_EP_ClrStall                    0x080005c4   Section        0  stm32f1xx_hal_pcd.o(i.HAL_PCD_EP_ClrStall)
    i.HAL_PCD_EP_DB_Receive                  0x08000620   Section        0  stm32f1xx_hal_pcd.o(i.HAL_PCD_EP_DB_Receive)
    HAL_PCD_EP_DB_Receive                    0x08000621   Thumb Code   230  stm32f1xx_hal_pcd.o(i.HAL_PCD_EP_DB_Receive)
    i.HAL_PCD_EP_DB_Transmit                 0x08000706   Section        0  stm32f1xx_hal_pcd.o(i.HAL_PCD_EP_DB_Transmit)
    HAL_PCD_EP_DB_Transmit                   0x08000707   Thumb Code   816  stm32f1xx_hal_pcd.o(i.HAL_PCD_EP_DB_Transmit)
    i.HAL_PCD_EP_Open                        0x08000a36   Section        0  stm32f1xx_hal_pcd.o(i.HAL_PCD_EP_Open)
    i.HAL_PCD_EP_Receive                     0x08000a96   Section        0  stm32f1xx_hal_pcd.o(i.HAL_PCD_EP_Receive)
    i.HAL_PCD_EP_SetStall                    0x08000ac8   Section        0  stm32f1xx_hal_pcd.o(i.HAL_PCD_EP_SetStall)
    i.HAL_PCD_EP_Transmit                    0x08000b3a   Section        0  stm32f1xx_hal_pcd.o(i.HAL_PCD_EP_Transmit)
    i.HAL_PCD_IRQHandler                     0x08000b6e   Section        0  stm32f1xx_hal_pcd.o(i.HAL_PCD_IRQHandler)
    i.HAL_PCD_Init                           0x08000cc4   Section        0  stm32f1xx_hal_pcd.o(i.HAL_PCD_Init)
    i.HAL_PCD_MspInit                        0x08000da0   Section        0  usbd_conf.o(i.HAL_PCD_MspInit)
    i.HAL_PCD_ResetCallback                  0x08000ddc   Section        0  usbd_conf.o(i.HAL_PCD_ResetCallback)
    i.HAL_PCD_ResumeCallback                 0x08000e02   Section        0  usbd_conf.o(i.HAL_PCD_ResumeCallback)
    i.HAL_PCD_SOFCallback                    0x08000e0a   Section        0  usbd_conf.o(i.HAL_PCD_SOFCallback)
    i.HAL_PCD_SetAddress                     0x08000e12   Section        0  stm32f1xx_hal_pcd.o(i.HAL_PCD_SetAddress)
    i.HAL_PCD_SetupStageCallback             0x08000e3a   Section        0  usbd_conf.o(i.HAL_PCD_SetupStageCallback)
    i.HAL_PCD_Start                          0x08000e48   Section        0  stm32f1xx_hal_pcd.o(i.HAL_PCD_Start)
    i.HAL_PCD_SuspendCallback                0x08000e7c   Section        0  usbd_conf.o(i.HAL_PCD_SuspendCallback)
    i.HAL_RCCEx_PeriphCLKConfig              0x08000ea0   Section        0  stm32f1xx_hal_rcc_ex.o(i.HAL_RCCEx_PeriphCLKConfig)
    i.HAL_RCC_ClockConfig                    0x08000f8c   Section        0  stm32f1xx_hal_rcc.o(i.HAL_RCC_ClockConfig)
    i.HAL_RCC_GetPCLK1Freq                   0x080010b8   Section        0  stm32f1xx_hal_rcc.o(i.HAL_RCC_GetPCLK1Freq)
    i.HAL_RCC_GetPCLK2Freq                   0x080010d8   Section        0  stm32f1xx_hal_rcc.o(i.HAL_RCC_GetPCLK2Freq)
    i.HAL_RCC_GetSysClockFreq                0x080010f8   Section        0  stm32f1xx_hal_rcc.o(i.HAL_RCC_GetSysClockFreq)
    i.HAL_RCC_OscConfig                      0x08001164   Section        0  stm32f1xx_hal_rcc.o(i.HAL_RCC_OscConfig)
    i.HAL_SPI_Init                           0x08001484   Section        0  stm32f1xx_hal_spi.o(i.HAL_SPI_Init)
    i.HAL_SPI_MspInit                        0x08001538   Section        0  spi.o(i.HAL_SPI_MspInit)
    i.HAL_SYSTICK_Config                     0x080015a8   Section        0  stm32f1xx_hal_cortex.o(i.HAL_SYSTICK_Config)
    i.HAL_TIMEx_BreakCallback                0x080015d0   Section        0  stm32f1xx_hal_tim_ex.o(i.HAL_TIMEx_BreakCallback)
    i.HAL_TIMEx_CommutCallback               0x080015d2   Section        0  stm32f1xx_hal_tim_ex.o(i.HAL_TIMEx_CommutCallback)
    i.HAL_TIMEx_MasterConfigSynchronization  0x080015d4   Section        0  stm32f1xx_hal_tim_ex.o(i.HAL_TIMEx_MasterConfigSynchronization)
    i.HAL_TIM_Base_Init                      0x0800163c   Section        0  stm32f1xx_hal_tim.o(i.HAL_TIM_Base_Init)
    i.HAL_TIM_Base_MspInit                   0x08001698   Section        0  tim.o(i.HAL_TIM_Base_MspInit)
    i.HAL_TIM_Base_Start_IT                  0x080016d4   Section        0  stm32f1xx_hal_tim.o(i.HAL_TIM_Base_Start_IT)
    i.HAL_TIM_ConfigClockSource              0x0800172c   Section        0  stm32f1xx_hal_tim.o(i.HAL_TIM_ConfigClockSource)
    i.HAL_TIM_IC_CaptureCallback             0x08001802   Section        0  stm32f1xx_hal_tim.o(i.HAL_TIM_IC_CaptureCallback)
    i.HAL_TIM_IRQHandler                     0x08001804   Section        0  stm32f1xx_hal_tim.o(i.HAL_TIM_IRQHandler)
    i.HAL_TIM_OC_DelayElapsedCallback        0x0800196a   Section        0  stm32f1xx_hal_tim.o(i.HAL_TIM_OC_DelayElapsedCallback)
    i.HAL_TIM_PWM_PulseFinishedCallback      0x0800196c   Section        0  stm32f1xx_hal_tim.o(i.HAL_TIM_PWM_PulseFinishedCallback)
    i.HAL_TIM_PeriodElapsedCallback          0x0800196e   Section        0  stm32f1xx_hal_tim.o(i.HAL_TIM_PeriodElapsedCallback)
    i.HAL_TIM_SlaveConfigSynchro             0x08001970   Section        0  stm32f1xx_hal_tim.o(i.HAL_TIM_SlaveConfigSynchro)
    i.HAL_TIM_TriggerCallback                0x080019c6   Section        0  stm32f1xx_hal_tim.o(i.HAL_TIM_TriggerCallback)
    i.HAL_UART_Init                          0x080019c8   Section        0  stm32f1xx_hal_uart.o(i.HAL_UART_Init)
    i.HAL_UART_MspInit                       0x08001a2c   Section        0  usart.o(i.HAL_UART_MspInit)
    i.HAL_UART_Transmit                      0x08001a9c   Section        0  stm32f1xx_hal_uart.o(i.HAL_UART_Transmit)
    i.HardFault_Handler                      0x08001b4e   Section        0  stm32f1xx_it.o(i.HardFault_Handler)
    i.IntToUnicode                           0x08001b50   Section        0  usbd_desc.o(i.IntToUnicode)
    IntToUnicode                             0x08001b51   Thumb Code    56  usbd_desc.o(i.IntToUnicode)
    i.MX_GPIO_Init                           0x08001b88   Section        0  gpio.o(i.MX_GPIO_Init)
    i.MX_SPI1_Init                           0x08001c1c   Section        0  spi.o(i.MX_SPI1_Init)
    i.MX_TIM4_Init                           0x08001c68   Section        0  tim.o(i.MX_TIM4_Init)
    i.MX_USART1_UART_Init                    0x08001cec   Section        0  usart.o(i.MX_USART1_UART_Init)
    i.MX_USB_DEVICE_Init                     0x08001d24   Section        0  usb_device.o(i.MX_USB_DEVICE_Init)
    i.MemManage_Handler                      0x08001d78   Section        0  stm32f1xx_it.o(i.MemManage_Handler)
    i.NMI_Handler                            0x08001d7a   Section        0  stm32f1xx_it.o(i.NMI_Handler)
    i.PCD_EP_ISR_Handler                     0x08001d7c   Section        0  stm32f1xx_hal_pcd.o(i.PCD_EP_ISR_Handler)
    PCD_EP_ISR_Handler                       0x08001d7d   Thumb Code   788  stm32f1xx_hal_pcd.o(i.PCD_EP_ISR_Handler)
    i.PendSV_Handler                         0x08002090   Section        0  stm32f1xx_it.o(i.PendSV_Handler)
    i.SVC_Handler                            0x08002092   Section        0  stm32f1xx_it.o(i.SVC_Handler)
    i.SysTick_Handler                        0x08002094   Section        0  stm32f1xx_it.o(i.SysTick_Handler)
    i.SystemClock_Config                     0x08002098   Section        0  main.o(i.SystemClock_Config)
    i.SystemInit                             0x0800210e   Section        0  system_stm32f1xx.o(i.SystemInit)
    i.TIM4_IRQHandler                        0x08002110   Section        0  stm32f1xx_it.o(i.TIM4_IRQHandler)
    i.TIM_Base_SetConfig                     0x08002124   Section        0  stm32f1xx_hal_tim.o(i.TIM_Base_SetConfig)
    i.TIM_ETR_SetConfig                      0x08002190   Section        0  stm32f1xx_hal_tim.o(i.TIM_ETR_SetConfig)
    i.TIM_ITRx_SetConfig                     0x080021a4   Section        0  stm32f1xx_hal_tim.o(i.TIM_ITRx_SetConfig)
    TIM_ITRx_SetConfig                       0x080021a5   Thumb Code    16  stm32f1xx_hal_tim.o(i.TIM_ITRx_SetConfig)
    i.TIM_SlaveTimer_SetConfig               0x080021b4   Section        0  stm32f1xx_hal_tim.o(i.TIM_SlaveTimer_SetConfig)
    TIM_SlaveTimer_SetConfig                 0x080021b5   Thumb Code   134  stm32f1xx_hal_tim.o(i.TIM_SlaveTimer_SetConfig)
    i.TIM_TI1_ConfigInputStage               0x0800223a   Section        0  stm32f1xx_hal_tim.o(i.TIM_TI1_ConfigInputStage)
    TIM_TI1_ConfigInputStage                 0x0800223b   Thumb Code    34  stm32f1xx_hal_tim.o(i.TIM_TI1_ConfigInputStage)
    i.TIM_TI2_ConfigInputStage               0x0800225c   Section        0  stm32f1xx_hal_tim.o(i.TIM_TI2_ConfigInputStage)
    TIM_TI2_ConfigInputStage                 0x0800225d   Thumb Code    36  stm32f1xx_hal_tim.o(i.TIM_TI2_ConfigInputStage)
    i.UART_SetConfig                         0x08002280   Section        0  stm32f1xx_hal_uart.o(i.UART_SetConfig)
    UART_SetConfig                           0x08002281   Thumb Code   178  stm32f1xx_hal_uart.o(i.UART_SetConfig)
    i.UART_WaitOnFlagUntilTimeout            0x08002338   Section        0  stm32f1xx_hal_uart.o(i.UART_WaitOnFlagUntilTimeout)
    UART_WaitOnFlagUntilTimeout              0x08002339   Thumb Code   100  stm32f1xx_hal_uart.o(i.UART_WaitOnFlagUntilTimeout)
    i.USBD_CUSTOM_HID_DataIn                 0x0800239c   Section        0  usbd_customhid.o(i.USBD_CUSTOM_HID_DataIn)
    USBD_CUSTOM_HID_DataIn                   0x0800239d   Thumb Code    12  usbd_customhid.o(i.USBD_CUSTOM_HID_DataIn)
    i.USBD_CUSTOM_HID_DataOut                0x080023a8   Section        0  usbd_customhid.o(i.USBD_CUSTOM_HID_DataOut)
    USBD_CUSTOM_HID_DataOut                  0x080023a9   Thumb Code    36  usbd_customhid.o(i.USBD_CUSTOM_HID_DataOut)
    i.USBD_CUSTOM_HID_DeInit                 0x080023cc   Section        0  usbd_customhid.o(i.USBD_CUSTOM_HID_DeInit)
    USBD_CUSTOM_HID_DeInit                   0x080023cd   Thumb Code    56  usbd_customhid.o(i.USBD_CUSTOM_HID_DeInit)
    i.USBD_CUSTOM_HID_EP0_RxReady            0x08002404   Section        0  usbd_customhid.o(i.USBD_CUSTOM_HID_EP0_RxReady)
    USBD_CUSTOM_HID_EP0_RxReady              0x08002405   Thumb Code    34  usbd_customhid.o(i.USBD_CUSTOM_HID_EP0_RxReady)
    i.USBD_CUSTOM_HID_GetDeviceQualifierDesc 0x08002428   Section        0  usbd_customhid.o(i.USBD_CUSTOM_HID_GetDeviceQualifierDesc)
    USBD_CUSTOM_HID_GetDeviceQualifierDesc   0x08002429   Thumb Code     8  usbd_customhid.o(i.USBD_CUSTOM_HID_GetDeviceQualifierDesc)
    i.USBD_CUSTOM_HID_GetFSCfgDesc           0x08002434   Section        0  usbd_customhid.o(i.USBD_CUSTOM_HID_GetFSCfgDesc)
    USBD_CUSTOM_HID_GetFSCfgDesc             0x08002435   Thumb Code     8  usbd_customhid.o(i.USBD_CUSTOM_HID_GetFSCfgDesc)
    i.USBD_CUSTOM_HID_GetHSCfgDesc           0x08002440   Section        0  usbd_customhid.o(i.USBD_CUSTOM_HID_GetHSCfgDesc)
    USBD_CUSTOM_HID_GetHSCfgDesc             0x08002441   Thumb Code     8  usbd_customhid.o(i.USBD_CUSTOM_HID_GetHSCfgDesc)
    i.USBD_CUSTOM_HID_GetOtherSpeedCfgDesc   0x0800244c   Section        0  usbd_customhid.o(i.USBD_CUSTOM_HID_GetOtherSpeedCfgDesc)
    USBD_CUSTOM_HID_GetOtherSpeedCfgDesc     0x0800244d   Thumb Code     8  usbd_customhid.o(i.USBD_CUSTOM_HID_GetOtherSpeedCfgDesc)
    i.USBD_CUSTOM_HID_Init                   0x08002458   Section        0  usbd_customhid.o(i.USBD_CUSTOM_HID_Init)
    USBD_CUSTOM_HID_Init                     0x08002459   Thumb Code    82  usbd_customhid.o(i.USBD_CUSTOM_HID_Init)
    i.USBD_CUSTOM_HID_RegisterInterface      0x080024aa   Section        0  usbd_customhid.o(i.USBD_CUSTOM_HID_RegisterInterface)
    i.USBD_CUSTOM_HID_SendReport             0x080024ba   Section        0  usbd_customhid.o(i.USBD_CUSTOM_HID_SendReport)
    i.USBD_CUSTOM_HID_Setup                  0x080024e4   Section        0  usbd_customhid.o(i.USBD_CUSTOM_HID_Setup)
    USBD_CUSTOM_HID_Setup                    0x080024e5   Thumb Code   216  usbd_customhid.o(i.USBD_CUSTOM_HID_Setup)
    i.USBD_ClrClassConfig                    0x080025c0   Section        0  usbd_core.o(i.USBD_ClrClassConfig)
    i.USBD_CtlContinueRx                     0x080025ce   Section        0  usbd_ioreq.o(i.USBD_CtlContinueRx)
    i.USBD_CtlContinueSendData               0x080025de   Section        0  usbd_ioreq.o(i.USBD_CtlContinueSendData)
    i.USBD_CtlError                          0x080025ee   Section        0  usbd_ctlreq.o(i.USBD_CtlError)
    i.USBD_CtlPrepareRx                      0x08002604   Section        0  usbd_ioreq.o(i.USBD_CtlPrepareRx)
    i.USBD_CtlReceiveStatus                  0x08002622   Section        0  usbd_ioreq.o(i.USBD_CtlReceiveStatus)
    i.USBD_CtlSendData                       0x08002638   Section        0  usbd_ioreq.o(i.USBD_CtlSendData)
    i.USBD_CtlSendStatus                     0x08002652   Section        0  usbd_ioreq.o(i.USBD_CtlSendStatus)
    i.USBD_FS_ConfigStrDescriptor            0x08002668   Section        0  usbd_desc.o(i.USBD_FS_ConfigStrDescriptor)
    i.USBD_FS_DeviceDescriptor               0x08002690   Section        0  usbd_desc.o(i.USBD_FS_DeviceDescriptor)
    i.USBD_FS_InterfaceStrDescriptor         0x0800269c   Section        0  usbd_desc.o(i.USBD_FS_InterfaceStrDescriptor)
    i.USBD_FS_LangIDStrDescriptor            0x080026c8   Section        0  usbd_desc.o(i.USBD_FS_LangIDStrDescriptor)
    i.USBD_FS_ManufacturerStrDescriptor      0x080026d4   Section        0  usbd_desc.o(i.USBD_FS_ManufacturerStrDescriptor)
    i.USBD_FS_ProductStrDescriptor           0x080026fc   Section        0  usbd_desc.o(i.USBD_FS_ProductStrDescriptor)
    i.USBD_FS_SerialStrDescriptor            0x08002730   Section        0  usbd_desc.o(i.USBD_FS_SerialStrDescriptor)
    i.USBD_GetDescriptor                     0x08002768   Section        0  usbd_ctlreq.o(i.USBD_GetDescriptor)
    USBD_GetDescriptor                       0x08002769   Thumb Code   232  usbd_ctlreq.o(i.USBD_GetDescriptor)
    i.USBD_GetString                         0x08002850   Section        0  usbd_ctlreq.o(i.USBD_GetString)
    i.USBD_Get_USB_Status                    0x08002898   Section        0  usbd_conf.o(i.USBD_Get_USB_Status)
    USBD_Get_USB_Status                      0x08002899   Thumb Code    24  usbd_conf.o(i.USBD_Get_USB_Status)
    i.USBD_Init                              0x080028b0   Section        0  usbd_core.o(i.USBD_Init)
    i.USBD_LL_ClearStallEP                   0x080028da   Section        0  usbd_conf.o(i.USBD_LL_ClearStallEP)
    i.USBD_LL_CloseEP                        0x080028ec   Section        0  usbd_conf.o(i.USBD_LL_CloseEP)
    i.USBD_LL_DataInStage                    0x080028fe   Section        0  usbd_core.o(i.USBD_LL_DataInStage)
    i.USBD_LL_DataOutStage                   0x080029c4   Section        0  usbd_core.o(i.USBD_LL_DataOutStage)
    i.USBD_LL_Init                           0x08002a48   Section        0  usbd_conf.o(i.USBD_LL_Init)
    i.USBD_LL_IsStallEP                      0x08002ab8   Section        0  usbd_conf.o(i.USBD_LL_IsStallEP)
    i.USBD_LL_OpenEP                         0x08002ad8   Section        0  usbd_conf.o(i.USBD_LL_OpenEP)
    i.USBD_LL_PrepareReceive                 0x08002af0   Section        0  usbd_conf.o(i.USBD_LL_PrepareReceive)
    i.USBD_LL_Reset                          0x08002b02   Section        0  usbd_core.o(i.USBD_LL_Reset)
    i.USBD_LL_Resume                         0x08002b52   Section        0  usbd_core.o(i.USBD_LL_Resume)
    i.USBD_LL_SOF                            0x08002b66   Section        0  usbd_core.o(i.USBD_LL_SOF)
    i.USBD_LL_SetSpeed                       0x08002b7e   Section        0  usbd_core.o(i.USBD_LL_SetSpeed)
    i.USBD_LL_SetUSBAddress                  0x08002b84   Section        0  usbd_conf.o(i.USBD_LL_SetUSBAddress)
    i.USBD_LL_SetupStage                     0x08002b96   Section        0  usbd_core.o(i.USBD_LL_SetupStage)
    i.USBD_LL_StallEP                        0x08002bf0   Section        0  usbd_conf.o(i.USBD_LL_StallEP)
    i.USBD_LL_Start                          0x08002c02   Section        0  usbd_conf.o(i.USBD_LL_Start)
    i.USBD_LL_Suspend                        0x08002c14   Section        0  usbd_core.o(i.USBD_LL_Suspend)
    i.USBD_LL_Transmit                       0x08002c26   Section        0  usbd_conf.o(i.USBD_LL_Transmit)
    i.USBD_ParseSetupRequest                 0x08002c38   Section        0  usbd_ctlreq.o(i.USBD_ParseSetupRequest)
    i.USBD_RegisterClass                     0x08002c60   Section        0  usbd_core.o(i.USBD_RegisterClass)
    i.USBD_SetClassConfig                    0x08002c70   Section        0  usbd_core.o(i.USBD_SetClassConfig)
    i.USBD_SetConfig                         0x08002c88   Section        0  usbd_ctlreq.o(i.USBD_SetConfig)
    USBD_SetConfig                           0x08002c89   Thumb Code   128  usbd_ctlreq.o(i.USBD_SetConfig)
    i.USBD_Start                             0x08002d0c   Section        0  usbd_core.o(i.USBD_Start)
    i.USBD_StdDevReq                         0x08002d16   Section        0  usbd_ctlreq.o(i.USBD_StdDevReq)
    i.USBD_StdEPReq                          0x08002e28   Section        0  usbd_ctlreq.o(i.USBD_StdEPReq)
    i.USBD_StdItfReq                         0x08002f78   Section        0  usbd_ctlreq.o(i.USBD_StdItfReq)
    i.USBD_static_free                       0x08002fc6   Section        0  usbd_conf.o(i.USBD_static_free)
    i.USBD_static_malloc                     0x08002fc8   Section        0  usbd_conf.o(i.USBD_static_malloc)
    i.USB_ActivateEndpoint                   0x08002fd0   Section        0  stm32f1xx_ll_usb.o(i.USB_ActivateEndpoint)
    i.USB_CoreInit                           0x08003228   Section        0  stm32f1xx_ll_usb.o(i.USB_CoreInit)
    i.USB_DeactivateEndpoint                 0x0800322c   Section        0  stm32f1xx_ll_usb.o(i.USB_DeactivateEndpoint)
    i.USB_DevConnect                         0x0800333a   Section        0  stm32f1xx_ll_usb.o(i.USB_DevConnect)
    i.USB_DevDisconnect                      0x0800333e   Section        0  stm32f1xx_ll_usb.o(i.USB_DevDisconnect)
    i.USB_DevInit                            0x08003342   Section        0  stm32f1xx_ll_usb.o(i.USB_DevInit)
    i.USB_DisableGlobalInt                   0x08003354   Section        0  stm32f1xx_ll_usb.o(i.USB_DisableGlobalInt)
    i.USB_EP0_OutStart                       0x08003362   Section        0  stm32f1xx_ll_usb.o(i.USB_EP0_OutStart)
    i.USB_EPClearStall                       0x08003366   Section        0  stm32f1xx_ll_usb.o(i.USB_EPClearStall)
    i.USB_EPSetStall                         0x080033de   Section        0  stm32f1xx_ll_usb.o(i.USB_EPSetStall)
    i.USB_EPStartXfer                        0x08003410   Section        0  stm32f1xx_ll_usb.o(i.USB_EPStartXfer)
    i.USB_EnableGlobalInt                    0x08003a1c   Section        0  stm32f1xx_ll_usb.o(i.USB_EnableGlobalInt)
    i.USB_LP_CAN1_RX0_IRQHandler             0x08003a30   Section        0  stm32f1xx_it.o(i.USB_LP_CAN1_RX0_IRQHandler)
    i.USB_ReadInterrupts                     0x08003a3c   Section        0  stm32f1xx_ll_usb.o(i.USB_ReadInterrupts)
    i.USB_ReadPMA                            0x08003a44   Section        0  stm32f1xx_ll_usb.o(i.USB_ReadPMA)
    i.USB_SetCurrentMode                     0x08003a70   Section        0  stm32f1xx_ll_usb.o(i.USB_SetCurrentMode)
    i.USB_SetDevAddress                      0x08003a74   Section        0  stm32f1xx_ll_usb.o(i.USB_SetDevAddress)
    i.USB_WritePMA                           0x08003a80   Section        0  stm32f1xx_ll_usb.o(i.USB_WritePMA)
    i.UsageFault_Handler                     0x08003aa6   Section        0  stm32f1xx_it.o(i.UsageFault_Handler)
    i.__0printf$bare                         0x08003aa8   Section        0  printfb.o(i.__0printf$bare)
    i.__NVIC_SetPriority                     0x08003ab8   Section        0  stm32f1xx_hal_cortex.o(i.__NVIC_SetPriority)
    __NVIC_SetPriority                       0x08003ab9   Thumb Code    32  stm32f1xx_hal_cortex.o(i.__NVIC_SetPriority)
    i.__scatterload_copy                     0x08003ad8   Section       14  handlers.o(i.__scatterload_copy)
    i.__scatterload_null                     0x08003ae6   Section        2  handlers.o(i.__scatterload_null)
    i.__scatterload_zeroinit                 0x08003ae8   Section       14  handlers.o(i.__scatterload_zeroinit)
    i._printf_core                           0x08003af6   Section        0  printfb.o(i._printf_core)
    _printf_core                             0x08003af7   Thumb Code    34  printfb.o(i._printf_core)
    i.fputc                                  0x08003b18   Section        0  debug.o(i.fputc)
    i.hal_key_debounce                       0x08003b30   Section        0  hal_key.o(i.hal_key_debounce)
    i.hal_key_init                           0x08003b6c   Section        0  hal_key.o(i.hal_key_init)
    i.hal_key_scan                           0x08003b88   Section        0  hal_key.o(i.hal_key_scan)
    i.is_fn_key_press                        0x08003c08   Section        0  hal_key.o(i.is_fn_key_press)
    i.key_remap                              0x08003c18   Section        0  hal_key.o(i.key_remap)
    i.key_time_callback                      0x08003d18   Section        0  main.o(i.key_time_callback)
    i.main                                   0x08003d3c   Section        0  main.o(i.main)
    .constdata                               0x08003d80   Section      522  hal_key.o(.constdata)
    .constdata                               0x08003f8a   Section       16  system_stm32f1xx.o(.constdata)
    .constdata                               0x08003f9a   Section        8  system_stm32f1xx.o(.constdata)
    .data                                    0x20000000   Section        4  hal_key.o(.data)
    .data                                    0x20000004   Section       12  stm32f1xx_hal.o(.data)
    .data                                    0x20000010   Section        4  system_stm32f1xx.o(.data)
    .data                                    0x20000014   Section       28  usbd_desc.o(.data)
    .data                                    0x20000030   Section       50  usbd_desc.o(.data)
    .data                                    0x20000064   Section       57  usbd_custom_hid_if.o(.data)
    CUSTOM_HID_ReportDesc_FS                 0x20000064   Data          57  usbd_custom_hid_if.o(.data)
    .data                                    0x200000a0   Section       16  usbd_custom_hid_if.o(.data)
    .data                                    0x200000b0   Section        1  usbd_ctlreq.o(.data)
    cfgidx                                   0x200000b0   Data           1  usbd_ctlreq.o(.data)
    .data                                    0x200000b4   Section       56  usbd_customhid.o(.data)
    .data                                    0x200000ec   Section      154  usbd_customhid.o(.data)
    USBD_CUSTOM_HID_CfgFSDesc                0x200000ec   Data          41  usbd_customhid.o(.data)
    USBD_CUSTOM_HID_CfgHSDesc                0x20000118   Data          41  usbd_customhid.o(.data)
    USBD_CUSTOM_HID_OtherSpeedCfgDesc        0x20000144   Data          41  usbd_customhid.o(.data)
    USBD_CUSTOM_HID_Desc                     0x20000170   Data           9  usbd_customhid.o(.data)
    USBD_CUSTOM_HID_DeviceQualifierDesc      0x2000017c   Data          10  usbd_customhid.o(.data)
    .data                                    0x20000188   Section        4  stdout.o(.data)
    .bss                                     0x2000018c   Section       39  hal_key.o(.bss)
    spi_buffer                               0x2000018c   Data          12  hal_key.o(.bss)
    remap_buffer                             0x20000198   Data          11  hal_key.o(.bss)
    hid_buffer                               0x200001a3   Data          16  hal_key.o(.bss)
    .bss                                     0x200001b4   Section       88  spi.o(.bss)
    .bss                                     0x2000020c   Section       72  tim.o(.bss)
    .bss                                     0x20000254   Section       68  usart.o(.bss)
    .bss                                     0x20000298   Section      708  usb_device.o(.bss)
    .bss                                     0x2000055c   Section      512  usbd_desc.o(.bss)
    .bss                                     0x2000075c   Section      776  usbd_conf.o(.bss)
    mem                                      0x2000075c   Data          28  usbd_conf.o(.bss)
    STACK                                    0x20000a68   Section     1024  startup_stm32f103xb.o(STACK)

    Global Symbols

    Symbol Name                              Value     Ov Type        Size  Object(Section)

    BuildAttributes$$THM_ISAv4$P$D$K$B$S$PE$A:L22UL41UL21$X:L11$S22US41US21$IEEE1$IW$USESV6$~STKCKD$USESV7$~SHL$OSPACE$ROPI$EBA8$MICROLIB$REQ8$PRES8$EABIv2 0x00000000   Number         0  anon$$obj.o ABSOLUTE
    __ARM_use_no_argv                        0x00000000   Number         0  main.o ABSOLUTE
    __cpp_initialize__aeabi_                  - Undefined Weak Reference
    __cxa_finalize                            - Undefined Weak Reference
    _clock_init                               - Undefined Weak Reference
    _microlib_exit                            - Undefined Weak Reference
    __Vectors_Size                           0x000000ec   Number         0  startup_stm32f103xb.o ABSOLUTE
    __Vectors                                0x08000000   Data           4  startup_stm32f103xb.o(RESET)
    __Vectors_End                            0x080000ec   Data           0  startup_stm32f103xb.o(RESET)
    __main                                   0x080000ed   Thumb Code     0  entry.o(.ARM.Collect$$$$00000000)
    _main_stk                                0x080000ed   Thumb Code     0  entry2.o(.ARM.Collect$$$$00000001)
    _main_scatterload                        0x080000f1   Thumb Code     0  entry5.o(.ARM.Collect$$$$00000004)
    __main_after_scatterload                 0x080000f5   Thumb Code     0  entry5.o(.ARM.Collect$$$$00000004)
    _main_clock                              0x080000f5   Thumb Code     0  entry7b.o(.ARM.Collect$$$$00000008)
    _main_cpp_init                           0x080000f5   Thumb Code     0  entry8b.o(.ARM.Collect$$$$0000000A)
    _main_init                               0x080000f5   Thumb Code     0  entry9a.o(.ARM.Collect$$$$0000000B)
    __rt_final_cpp                           0x080000fd   Thumb Code     0  entry10a.o(.ARM.Collect$$$$0000000D)
    __rt_final_exit                          0x080000fd   Thumb Code     0  entry11a.o(.ARM.Collect$$$$0000000F)
    Reset_Handler                            0x08000101   Thumb Code     8  startup_stm32f103xb.o(.text)
    ADC1_2_IRQHandler                        0x0800011b   Thumb Code     0  startup_stm32f103xb.o(.text)
    CAN1_RX1_IRQHandler                      0x0800011b   Thumb Code     0  startup_stm32f103xb.o(.text)
    CAN1_SCE_IRQHandler                      0x0800011b   Thumb Code     0  startup_stm32f103xb.o(.text)
    DMA1_Channel1_IRQHandler                 0x0800011b   Thumb Code     0  startup_stm32f103xb.o(.text)
    DMA1_Channel2_IRQHandler                 0x0800011b   Thumb Code     0  startup_stm32f103xb.o(.text)
    DMA1_Channel3_IRQHandler                 0x0800011b   Thumb Code     0  startup_stm32f103xb.o(.text)
    DMA1_Channel4_IRQHandler                 0x0800011b   Thumb Code     0  startup_stm32f103xb.o(.text)
    DMA1_Channel5_IRQHandler                 0x0800011b   Thumb Code     0  startup_stm32f103xb.o(.text)
    DMA1_Channel6_IRQHandler                 0x0800011b   Thumb Code     0  startup_stm32f103xb.o(.text)
    DMA1_Channel7_IRQHandler                 0x0800011b   Thumb Code     0  startup_stm32f103xb.o(.text)
    EXTI0_IRQHandler                         0x0800011b   Thumb Code     0  startup_stm32f103xb.o(.text)
    EXTI15_10_IRQHandler                     0x0800011b   Thumb Code     0  startup_stm32f103xb.o(.text)
    EXTI1_IRQHandler                         0x0800011b   Thumb Code     0  startup_stm32f103xb.o(.text)
    EXTI2_IRQHandler                         0x0800011b   Thumb Code     0  startup_stm32f103xb.o(.text)
    EXTI3_IRQHandler                         0x0800011b   Thumb Code     0  startup_stm32f103xb.o(.text)
    EXTI4_IRQHandler                         0x0800011b   Thumb Code     0  startup_stm32f103xb.o(.text)
    EXTI9_5_IRQHandler                       0x0800011b   Thumb Code     0  startup_stm32f103xb.o(.text)
    FLASH_IRQHandler                         0x0800011b   Thumb Code     0  startup_stm32f103xb.o(.text)
    I2C1_ER_IRQHandler                       0x0800011b   Thumb Code     0  startup_stm32f103xb.o(.text)
    I2C1_EV_IRQHandler                       0x0800011b   Thumb Code     0  startup_stm32f103xb.o(.text)
    I2C2_ER_IRQHandler                       0x0800011b   Thumb Code     0  startup_stm32f103xb.o(.text)
    I2C2_EV_IRQHandler                       0x0800011b   Thumb Code     0  startup_stm32f103xb.o(.text)
    PVD_IRQHandler                           0x0800011b   Thumb Code     0  startup_stm32f103xb.o(.text)
    RCC_IRQHandler                           0x0800011b   Thumb Code     0  startup_stm32f103xb.o(.text)
    RTC_Alarm_IRQHandler                     0x0800011b   Thumb Code     0  startup_stm32f103xb.o(.text)
    RTC_IRQHandler                           0x0800011b   Thumb Code     0  startup_stm32f103xb.o(.text)
    SPI1_IRQHandler                          0x0800011b   Thumb Code     0  startup_stm32f103xb.o(.text)
    SPI2_IRQHandler                          0x0800011b   Thumb Code     0  startup_stm32f103xb.o(.text)
    TAMPER_IRQHandler                        0x0800011b   Thumb Code     0  startup_stm32f103xb.o(.text)
    TIM1_BRK_IRQHandler                      0x0800011b   Thumb Code     0  startup_stm32f103xb.o(.text)
    TIM1_CC_IRQHandler                       0x0800011b   Thumb Code     0  startup_stm32f103xb.o(.text)
    TIM1_TRG_COM_IRQHandler                  0x0800011b   Thumb Code     0  startup_stm32f103xb.o(.text)
    TIM1_UP_IRQHandler                       0x0800011b   Thumb Code     0  startup_stm32f103xb.o(.text)
    TIM2_IRQHandler                          0x0800011b   Thumb Code     0  startup_stm32f103xb.o(.text)
    TIM3_IRQHandler                          0x0800011b   Thumb Code     0  startup_stm32f103xb.o(.text)
    USART1_IRQHandler                        0x0800011b   Thumb Code     0  startup_stm32f103xb.o(.text)
    USART2_IRQHandler                        0x0800011b   Thumb Code     0  startup_stm32f103xb.o(.text)
    USART3_IRQHandler                        0x0800011b   Thumb Code     0  startup_stm32f103xb.o(.text)
    USBWakeUp_IRQHandler                     0x0800011b   Thumb Code     0  startup_stm32f103xb.o(.text)
    USB_HP_CAN1_TX_IRQHandler                0x0800011b   Thumb Code     0  startup_stm32f103xb.o(.text)
    WWDG_IRQHandler                          0x0800011b   Thumb Code     0  startup_stm32f103xb.o(.text)
    __aeabi_memcpy                           0x08000125   Thumb Code    36  memcpya.o(.text)
    __aeabi_memcpy4                          0x08000125   Thumb Code     0  memcpya.o(.text)
    __aeabi_memcpy8                          0x08000125   Thumb Code     0  memcpya.o(.text)
    __aeabi_memset                           0x08000149   Thumb Code    14  memseta.o(.text)
    __aeabi_memset4                          0x08000149   Thumb Code     0  memseta.o(.text)
    __aeabi_memset8                          0x08000149   Thumb Code     0  memseta.o(.text)
    __aeabi_memclr                           0x08000157   Thumb Code     4  memseta.o(.text)
    __aeabi_memclr4                          0x08000157   Thumb Code     0  memseta.o(.text)
    __aeabi_memclr8                          0x08000157   Thumb Code     0  memseta.o(.text)
    _memset$wrapper                          0x0800015b   Thumb Code    18  memseta.o(.text)
    __scatterload                            0x0800016d   Thumb Code    28  init.o(.text)
    __scatterload_rt2                        0x0800016d   Thumb Code     0  init.o(.text)
    __decompress                             0x08000191   Thumb Code     0  __dczerorl2.o(.text)
    __decompress1                            0x08000191   Thumb Code    86  __dczerorl2.o(.text)
    BusFault_Handler                         0x080001e7   Thumb Code     2  stm32f1xx_it.o(i.BusFault_Handler)
    DebugMon_Handler                         0x080001f5   Thumb Code     2  stm32f1xx_it.o(i.DebugMon_Handler)
    Error_Handler                            0x080001f7   Thumb Code     4  main.o(i.Error_Handler)
    HAL_GPIO_Init                            0x080001fd   Thumb Code   446  stm32f1xx_hal_gpio.o(i.HAL_GPIO_Init)
    HAL_GPIO_WritePin                        0x080003dd   Thumb Code    10  stm32f1xx_hal_gpio.o(i.HAL_GPIO_WritePin)
    HAL_GetTick                              0x080003e9   Thumb Code     6  stm32f1xx_hal.o(i.HAL_GetTick)
    HAL_IncTick                              0x080003f5   Thumb Code    12  stm32f1xx_hal.o(i.HAL_IncTick)
    HAL_Init                                 0x08000405   Thumb Code    32  stm32f1xx_hal.o(i.HAL_Init)
    HAL_InitTick                             0x08000429   Thumb Code    54  stm32f1xx_hal.o(i.HAL_InitTick)
    HAL_MspInit                              0x08000469   Thumb Code    38  stm32f1xx_hal_msp.o(i.HAL_MspInit)
    HAL_NVIC_EnableIRQ                       0x08000495   Thumb Code    26  stm32f1xx_hal_cortex.o(i.HAL_NVIC_EnableIRQ)
    HAL_NVIC_SetPriority                     0x080004b1   Thumb Code    60  stm32f1xx_hal_cortex.o(i.HAL_NVIC_SetPriority)
    HAL_NVIC_SetPriorityGrouping             0x080004f1   Thumb Code    26  stm32f1xx_hal_cortex.o(i.HAL_NVIC_SetPriorityGrouping)
    HAL_PCDEx_PMAConfig                      0x08000515   Thumb Code    60  stm32f1xx_hal_pcd_ex.o(i.HAL_PCDEx_PMAConfig)
    HAL_PCDEx_SetConnectionState             0x08000551   Thumb Code     2  usbd_conf.o(i.HAL_PCDEx_SetConnectionState)
    HAL_PCD_DataInStageCallback              0x08000553   Thumb Code    18  usbd_conf.o(i.HAL_PCD_DataInStageCallback)
    HAL_PCD_DataOutStageCallback             0x08000565   Thumb Code    20  usbd_conf.o(i.HAL_PCD_DataOutStageCallback)
    HAL_PCD_EP_Close                         0x08000579   Thumb Code    76  stm32f1xx_hal_pcd.o(i.HAL_PCD_EP_Close)
    HAL_PCD_EP_ClrStall                      0x080005c5   Thumb Code    92  stm32f1xx_hal_pcd.o(i.HAL_PCD_EP_ClrStall)
    HAL_PCD_EP_Open                          0x08000a37   Thumb Code    96  stm32f1xx_hal_pcd.o(i.HAL_PCD_EP_Open)
    HAL_PCD_EP_Receive                       0x08000a97   Thumb Code    50  stm32f1xx_hal_pcd.o(i.HAL_PCD_EP_Receive)
    HAL_PCD_EP_SetStall                      0x08000ac9   Thumb Code   114  stm32f1xx_hal_pcd.o(i.HAL_PCD_EP_SetStall)
    HAL_PCD_EP_Transmit                      0x08000b3b   Thumb Code    52  stm32f1xx_hal_pcd.o(i.HAL_PCD_EP_Transmit)
    HAL_PCD_IRQHandler                       0x08000b6f   Thumb Code   340  stm32f1xx_hal_pcd.o(i.HAL_PCD_IRQHandler)
    HAL_PCD_Init                             0x08000cc5   Thumb Code   218  stm32f1xx_hal_pcd.o(i.HAL_PCD_Init)
    HAL_PCD_MspInit                          0x08000da1   Thumb Code    50  usbd_conf.o(i.HAL_PCD_MspInit)
    HAL_PCD_ResetCallback                    0x08000ddd   Thumb Code    38  usbd_conf.o(i.HAL_PCD_ResetCallback)
    HAL_PCD_ResumeCallback                   0x08000e03   Thumb Code     8  usbd_conf.o(i.HAL_PCD_ResumeCallback)
    HAL_PCD_SOFCallback                      0x08000e0b   Thumb Code     8  usbd_conf.o(i.HAL_PCD_SOFCallback)
    HAL_PCD_SetAddress                       0x08000e13   Thumb Code    40  stm32f1xx_hal_pcd.o(i.HAL_PCD_SetAddress)
    HAL_PCD_SetupStageCallback               0x08000e3b   Thumb Code    14  usbd_conf.o(i.HAL_PCD_SetupStageCallback)
    HAL_PCD_Start                            0x08000e49   Thumb Code    50  stm32f1xx_hal_pcd.o(i.HAL_PCD_Start)
    HAL_PCD_SuspendCallback                  0x08000e7d   Thumb Code    30  usbd_conf.o(i.HAL_PCD_SuspendCallback)
    HAL_RCCEx_PeriphCLKConfig                0x08000ea1   Thumb Code   224  stm32f1xx_hal_rcc_ex.o(i.HAL_RCCEx_PeriphCLKConfig)
    HAL_RCC_ClockConfig                      0x08000f8d   Thumb Code   280  stm32f1xx_hal_rcc.o(i.HAL_RCC_ClockConfig)
    HAL_RCC_GetPCLK1Freq                     0x080010b9   Thumb Code    20  stm32f1xx_hal_rcc.o(i.HAL_RCC_GetPCLK1Freq)
    HAL_RCC_GetPCLK2Freq                     0x080010d9   Thumb Code    20  stm32f1xx_hal_rcc.o(i.HAL_RCC_GetPCLK2Freq)
    HAL_RCC_GetSysClockFreq                  0x080010f9   Thumb Code    74  stm32f1xx_hal_rcc.o(i.HAL_RCC_GetSysClockFreq)
    HAL_RCC_OscConfig                        0x08001165   Thumb Code   778  stm32f1xx_hal_rcc.o(i.HAL_RCC_OscConfig)
    HAL_SPI_Init                             0x08001485   Thumb Code   178  stm32f1xx_hal_spi.o(i.HAL_SPI_Init)
    HAL_SPI_MspInit                          0x08001539   Thumb Code    98  spi.o(i.HAL_SPI_MspInit)
    HAL_SYSTICK_Config                       0x080015a9   Thumb Code    40  stm32f1xx_hal_cortex.o(i.HAL_SYSTICK_Config)
    HAL_TIMEx_BreakCallback                  0x080015d1   Thumb Code     2  stm32f1xx_hal_tim_ex.o(i.HAL_TIMEx_BreakCallback)
    HAL_TIMEx_CommutCallback                 0x080015d3   Thumb Code     2  stm32f1xx_hal_tim_ex.o(i.HAL_TIMEx_CommutCallback)
    HAL_TIMEx_MasterConfigSynchronization    0x080015d5   Thumb Code    92  stm32f1xx_hal_tim_ex.o(i.HAL_TIMEx_MasterConfigSynchronization)
    HAL_TIM_Base_Init                        0x0800163d   Thumb Code    90  stm32f1xx_hal_tim.o(i.HAL_TIM_Base_Init)
    HAL_TIM_Base_MspInit                     0x08001699   Thumb Code    50  tim.o(i.HAL_TIM_Base_MspInit)
    HAL_TIM_Base_Start_IT                    0x080016d5   Thumb Code    76  stm32f1xx_hal_tim.o(i.HAL_TIM_Base_Start_IT)
    HAL_TIM_ConfigClockSource                0x0800172d   Thumb Code   214  stm32f1xx_hal_tim.o(i.HAL_TIM_ConfigClockSource)
    HAL_TIM_IC_CaptureCallback               0x08001803   Thumb Code     2  stm32f1xx_hal_tim.o(i.HAL_TIM_IC_CaptureCallback)
    HAL_TIM_IRQHandler                       0x08001805   Thumb Code   358  stm32f1xx_hal_tim.o(i.HAL_TIM_IRQHandler)
    HAL_TIM_OC_DelayElapsedCallback          0x0800196b   Thumb Code     2  stm32f1xx_hal_tim.o(i.HAL_TIM_OC_DelayElapsedCallback)
    HAL_TIM_PWM_PulseFinishedCallback        0x0800196d   Thumb Code     2  stm32f1xx_hal_tim.o(i.HAL_TIM_PWM_PulseFinishedCallback)
    HAL_TIM_PeriodElapsedCallback            0x0800196f   Thumb Code     2  stm32f1xx_hal_tim.o(i.HAL_TIM_PeriodElapsedCallback)
    HAL_TIM_SlaveConfigSynchro               0x08001971   Thumb Code    86  stm32f1xx_hal_tim.o(i.HAL_TIM_SlaveConfigSynchro)
    HAL_TIM_TriggerCallback                  0x080019c7   Thumb Code     2  stm32f1xx_hal_tim.o(i.HAL_TIM_TriggerCallback)
    HAL_UART_Init                            0x080019c9   Thumb Code    98  stm32f1xx_hal_uart.o(i.HAL_UART_Init)
    HAL_UART_MspInit                         0x08001a2d   Thumb Code   100  usart.o(i.HAL_UART_MspInit)
    HAL_UART_Transmit                        0x08001a9d   Thumb Code   178  stm32f1xx_hal_uart.o(i.HAL_UART_Transmit)
    HardFault_Handler                        0x08001b4f   Thumb Code     2  stm32f1xx_it.o(i.HardFault_Handler)
    MX_GPIO_Init                             0x08001b89   Thumb Code   134  gpio.o(i.MX_GPIO_Init)
    MX_SPI1_Init                             0x08001c1d   Thumb Code    66  spi.o(i.MX_SPI1_Init)
    MX_TIM4_Init                             0x08001c69   Thumb Code   122  tim.o(i.MX_TIM4_Init)
    MX_USART1_UART_Init                      0x08001ced   Thumb Code    48  usart.o(i.MX_USART1_UART_Init)
    MX_USB_DEVICE_Init                       0x08001d25   Thumb Code    66  usb_device.o(i.MX_USB_DEVICE_Init)
    MemManage_Handler                        0x08001d79   Thumb Code     2  stm32f1xx_it.o(i.MemManage_Handler)
    NMI_Handler                              0x08001d7b   Thumb Code     2  stm32f1xx_it.o(i.NMI_Handler)
    PendSV_Handler                           0x08002091   Thumb Code     2  stm32f1xx_it.o(i.PendSV_Handler)
    SVC_Handler                              0x08002093   Thumb Code     2  stm32f1xx_it.o(i.SVC_Handler)
    SysTick_Handler                          0x08002095   Thumb Code     4  stm32f1xx_it.o(i.SysTick_Handler)
    SystemClock_Config                       0x08002099   Thumb Code   118  main.o(i.SystemClock_Config)
    SystemInit                               0x0800210f   Thumb Code     2  system_stm32f1xx.o(i.SystemInit)
    TIM4_IRQHandler                          0x08002111   Thumb Code    16  stm32f1xx_it.o(i.TIM4_IRQHandler)
    TIM_Base_SetConfig                       0x08002125   Thumb Code    94  stm32f1xx_hal_tim.o(i.TIM_Base_SetConfig)
    TIM_ETR_SetConfig                        0x08002191   Thumb Code    20  stm32f1xx_hal_tim.o(i.TIM_ETR_SetConfig)
    USBD_CUSTOM_HID_RegisterInterface        0x080024ab   Thumb Code    16  usbd_customhid.o(i.USBD_CUSTOM_HID_RegisterInterface)
    USBD_CUSTOM_HID_SendReport               0x080024bb   Thumb Code    40  usbd_customhid.o(i.USBD_CUSTOM_HID_SendReport)
    USBD_ClrClassConfig                      0x080025c1   Thumb Code    14  usbd_core.o(i.USBD_ClrClassConfig)
    USBD_CtlContinueRx                       0x080025cf   Thumb Code    16  usbd_ioreq.o(i.USBD_CtlContinueRx)
    USBD_CtlContinueSendData                 0x080025df   Thumb Code    16  usbd_ioreq.o(i.USBD_CtlContinueSendData)
    USBD_CtlError                            0x080025ef   Thumb Code    22  usbd_ctlreq.o(i.USBD_CtlError)
    USBD_CtlPrepareRx                        0x08002605   Thumb Code    30  usbd_ioreq.o(i.USBD_CtlPrepareRx)
    USBD_CtlReceiveStatus                    0x08002623   Thumb Code    22  usbd_ioreq.o(i.USBD_CtlReceiveStatus)
    USBD_CtlSendData                         0x08002639   Thumb Code    26  usbd_ioreq.o(i.USBD_CtlSendData)
    USBD_CtlSendStatus                       0x08002653   Thumb Code    22  usbd_ioreq.o(i.USBD_CtlSendStatus)
    USBD_FS_ConfigStrDescriptor              0x08002669   Thumb Code    16  usbd_desc.o(i.USBD_FS_ConfigStrDescriptor)
    USBD_FS_DeviceDescriptor                 0x08002691   Thumb Code     8  usbd_desc.o(i.USBD_FS_DeviceDescriptor)
    USBD_FS_InterfaceStrDescriptor           0x0800269d   Thumb Code    16  usbd_desc.o(i.USBD_FS_InterfaceStrDescriptor)
    USBD_FS_LangIDStrDescriptor              0x080026c9   Thumb Code     8  usbd_desc.o(i.USBD_FS_LangIDStrDescriptor)
    USBD_FS_ManufacturerStrDescriptor        0x080026d5   Thumb Code    16  usbd_desc.o(i.USBD_FS_ManufacturerStrDescriptor)
    USBD_FS_ProductStrDescriptor             0x080026fd   Thumb Code    16  usbd_desc.o(i.USBD_FS_ProductStrDescriptor)
    USBD_FS_SerialStrDescriptor              0x08002731   Thumb Code    48  usbd_desc.o(i.USBD_FS_SerialStrDescriptor)
    USBD_GetString                           0x08002851   Thumb Code    72  usbd_ctlreq.o(i.USBD_GetString)
    USBD_Init                                0x080028b1   Thumb Code    42  usbd_core.o(i.USBD_Init)
    USBD_LL_ClearStallEP                     0x080028db   Thumb Code    18  usbd_conf.o(i.USBD_LL_ClearStallEP)
    USBD_LL_CloseEP                          0x080028ed   Thumb Code    18  usbd_conf.o(i.USBD_LL_CloseEP)
    USBD_LL_DataInStage                      0x080028ff   Thumb Code   198  usbd_core.o(i.USBD_LL_DataInStage)
    USBD_LL_DataOutStage                     0x080029c5   Thumb Code   130  usbd_core.o(i.USBD_LL_DataOutStage)
    USBD_LL_Init                             0x08002a49   Thumb Code   104  usbd_conf.o(i.USBD_LL_Init)
    USBD_LL_IsStallEP                        0x08002ab9   Thumb Code    32  usbd_conf.o(i.USBD_LL_IsStallEP)
    USBD_LL_OpenEP                           0x08002ad9   Thumb Code    24  usbd_conf.o(i.USBD_LL_OpenEP)
    USBD_LL_PrepareReceive                   0x08002af1   Thumb Code    18  usbd_conf.o(i.USBD_LL_PrepareReceive)
    USBD_LL_Reset                            0x08002b03   Thumb Code    80  usbd_core.o(i.USBD_LL_Reset)
    USBD_LL_Resume                           0x08002b53   Thumb Code    20  usbd_core.o(i.USBD_LL_Resume)
    USBD_LL_SOF                              0x08002b67   Thumb Code    24  usbd_core.o(i.USBD_LL_SOF)
    USBD_LL_SetSpeed                         0x08002b7f   Thumb Code     6  usbd_core.o(i.USBD_LL_SetSpeed)
    USBD_LL_SetUSBAddress                    0x08002b85   Thumb Code    18  usbd_conf.o(i.USBD_LL_SetUSBAddress)
    USBD_LL_SetupStage                       0x08002b97   Thumb Code    90  usbd_core.o(i.USBD_LL_SetupStage)
    USBD_LL_StallEP                          0x08002bf1   Thumb Code    18  usbd_conf.o(i.USBD_LL_StallEP)
    USBD_LL_Start                            0x08002c03   Thumb Code    18  usbd_conf.o(i.USBD_LL_Start)
    USBD_LL_Suspend                          0x08002c15   Thumb Code    18  usbd_core.o(i.USBD_LL_Suspend)
    USBD_LL_Transmit                         0x08002c27   Thumb Code    18  usbd_conf.o(i.USBD_LL_Transmit)
    USBD_ParseSetupRequest                   0x08002c39   Thumb Code    40  usbd_ctlreq.o(i.USBD_ParseSetupRequest)
    USBD_RegisterClass                       0x08002c61   Thumb Code    16  usbd_core.o(i.USBD_RegisterClass)
    USBD_SetClassConfig                      0x08002c71   Thumb Code    22  usbd_core.o(i.USBD_SetClassConfig)
    USBD_Start                               0x08002d0d   Thumb Code    10  usbd_core.o(i.USBD_Start)
    USBD_StdDevReq                           0x08002d17   Thumb Code   274  usbd_ctlreq.o(i.USBD_StdDevReq)
    USBD_StdEPReq                            0x08002e29   Thumb Code   336  usbd_ctlreq.o(i.USBD_StdEPReq)
    USBD_StdItfReq                           0x08002f79   Thumb Code    78  usbd_ctlreq.o(i.USBD_StdItfReq)
    USBD_static_free                         0x08002fc7   Thumb Code     2  usbd_conf.o(i.USBD_static_free)
    USBD_static_malloc                       0x08002fc9   Thumb Code     4  usbd_conf.o(i.USBD_static_malloc)
    USB_ActivateEndpoint                     0x08002fd1   Thumb Code   600  stm32f1xx_ll_usb.o(i.USB_ActivateEndpoint)
    USB_CoreInit                             0x08003229   Thumb Code     4  stm32f1xx_ll_usb.o(i.USB_CoreInit)
    USB_DeactivateEndpoint                   0x0800322d   Thumb Code   270  stm32f1xx_ll_usb.o(i.USB_DeactivateEndpoint)
    USB_DevConnect                           0x0800333b   Thumb Code     4  stm32f1xx_ll_usb.o(i.USB_DevConnect)
    USB_DevDisconnect                        0x0800333f   Thumb Code     4  stm32f1xx_ll_usb.o(i.USB_DevDisconnect)
    USB_DevInit                              0x08003343   Thumb Code    18  stm32f1xx_ll_usb.o(i.USB_DevInit)
    USB_DisableGlobalInt                     0x08003355   Thumb Code    14  stm32f1xx_ll_usb.o(i.USB_DisableGlobalInt)
    USB_EP0_OutStart                         0x08003363   Thumb Code     4  stm32f1xx_ll_usb.o(i.USB_EP0_OutStart)
    USB_EPClearStall                         0x08003367   Thumb Code   120  stm32f1xx_ll_usb.o(i.USB_EPClearStall)
    USB_EPSetStall                           0x080033df   Thumb Code    50  stm32f1xx_ll_usb.o(i.USB_EPSetStall)
    USB_EPStartXfer                          0x08003411   Thumb Code  1548  stm32f1xx_ll_usb.o(i.USB_EPStartXfer)
    USB_EnableGlobalInt                      0x08003a1d   Thumb Code    18  stm32f1xx_ll_usb.o(i.USB_EnableGlobalInt)
    USB_LP_CAN1_RX0_IRQHandler               0x08003a31   Thumb Code     6  stm32f1xx_it.o(i.USB_LP_CAN1_RX0_IRQHandler)
    USB_ReadInterrupts                       0x08003a3d   Thumb Code     6  stm32f1xx_ll_usb.o(i.USB_ReadInterrupts)
    USB_ReadPMA                              0x08003a45   Thumb Code    44  stm32f1xx_ll_usb.o(i.USB_ReadPMA)
    USB_SetCurrentMode                       0x08003a71   Thumb Code     4  stm32f1xx_ll_usb.o(i.USB_SetCurrentMode)
    USB_SetDevAddress                        0x08003a75   Thumb Code    12  stm32f1xx_ll_usb.o(i.USB_SetDevAddress)
    USB_WritePMA                             0x08003a81   Thumb Code    38  stm32f1xx_ll_usb.o(i.USB_WritePMA)
    UsageFault_Handler                       0x08003aa7   Thumb Code     2  stm32f1xx_it.o(i.UsageFault_Handler)
    __0printf$bare                           0x08003aa9   Thumb Code     8  printfb.o(i.__0printf$bare)
    __1printf$bare                           0x08003aa9   Thumb Code     0  printfb.o(i.__0printf$bare)
    __2printf                                0x08003aa9   Thumb Code     0  printfb.o(i.__0printf$bare)
    __scatterload_copy                       0x08003ad9   Thumb Code    14  handlers.o(i.__scatterload_copy)
    __scatterload_null                       0x08003ae7   Thumb Code     2  handlers.o(i.__scatterload_null)
    __scatterload_zeroinit                   0x08003ae9   Thumb Code    14  handlers.o(i.__scatterload_zeroinit)
    fputc                                    0x08003b19   Thumb Code    20  debug.o(i.fputc)
    hal_key_debounce                         0x08003b31   Thumb Code    60  hal_key.o(i.hal_key_debounce)
    hal_key_init                             0x08003b6d   Thumb Code    16  hal_key.o(i.hal_key_init)
    hal_key_scan                             0x08003b89   Thumb Code   114  hal_key.o(i.hal_key_scan)
    is_fn_key_press                          0x08003c09   Thumb Code    10  hal_key.o(i.is_fn_key_press)
    key_remap                                0x08003c19   Thumb Code   248  hal_key.o(i.key_remap)
    key_time_callback                        0x08003d19   Thumb Code    30  main.o(i.key_time_callback)
    main                                     0x08003d3d   Thumb Code    46  main.o(i.main)
    key_map                                  0x08003d80   Data         522  hal_key.o(.constdata)
    AHBPrescTable                            0x08003f8a   Data          16  system_stm32f1xx.o(.constdata)
    APBPrescTable                            0x08003f9a   Data           8  system_stm32f1xx.o(.constdata)
    Region$$Table$$Base                      0x08003fa4   Number         0  anon$$obj.o(Region$$Table)
    Region$$Table$$Limit                     0x08003fc4   Number         0  anon$$obj.o(Region$$Table)
    hspi_hanlde                              0x20000000   Data           4  hal_key.o(.data)
    uwTickFreq                               0x20000004   Data           1  stm32f1xx_hal.o(.data)
    uwTickPrio                               0x20000008   Data           4  stm32f1xx_hal.o(.data)
    uwTick                                   0x2000000c   Data           4  stm32f1xx_hal.o(.data)
    SystemCoreClock                          0x20000010   Data           4  system_stm32f1xx.o(.data)
    FS_Desc                                  0x20000014   Data          28  usbd_desc.o(.data)
    USBD_LangIDDesc                          0x20000030   Data           4  usbd_desc.o(.data)
    USBD_FS_DeviceDesc                       0x20000034   Data          18  usbd_desc.o(.data)
    USBD_StringSerial                        0x20000048   Data          26  usbd_desc.o(.data)
    USBD_CustomHID_fops_FS                   0x200000a0   Data          16  usbd_custom_hid_if.o(.data)
    USBD_CUSTOM_HID                          0x200000b4   Data          56  usbd_customhid.o(.data)
    __stdout                                 0x20000188   Data           4  stdout.o(.data)
    hspi1                                    0x200001b4   Data          88  spi.o(.bss)
    htim4                                    0x2000020c   Data          72  tim.o(.bss)
    huart1                                   0x20000254   Data          68  usart.o(.bss)
    hUsbDeviceFS                             0x20000298   Data         708  usb_device.o(.bss)
    USBD_StrDesc                             0x2000055c   Data         512  usbd_desc.o(.bss)
    hpcd_USB_FS                              0x20000778   Data         748  usbd_conf.o(.bss)
    __initial_sp                             0x20000e68   Data           0  startup_stm32f103xb.o(STACK)



==============================================================================

Memory Map of the image

  Image Entry point : 0x080000ed

  Load Region LR_IROM1 (Base: 0x08000000, Size: 0x00004150, Max: 0x00010000, ABSOLUTE, COMPRESSED[0x000040a0])

    Execution Region ER_IROM1 (Exec base: 0x08000000, Load base: 0x08000000, Size: 0x00003fc4, Max: 0x00010000, ABSOLUTE)

    Exec Addr    Load Addr    Size         Type   Attr      Idx    E Section Name        Object

    0x08000000   0x08000000   0x000000ec   Data   RO            3    RESET               startup_stm32f103xb.o
    0x080000ec   0x080000ec   0x00000000   Code   RO         4426  * .ARM.Collect$$$$00000000  mc_w.l(entry.o)
    0x080000ec   0x080000ec   0x00000004   Code   RO         4697    .ARM.Collect$$$$00000001  mc_w.l(entry2.o)
    0x080000f0   0x080000f0   0x00000004   Code   RO         4700    .ARM.Collect$$$$00000004  mc_w.l(entry5.o)
    0x080000f4   0x080000f4   0x00000000   Code   RO         4702    .ARM.Collect$$$$00000008  mc_w.l(entry7b.o)
    0x080000f4   0x080000f4   0x00000000   Code   RO         4704    .ARM.Collect$$$$0000000A  mc_w.l(entry8b.o)
    0x080000f4   0x080000f4   0x00000008   Code   RO         4705    .ARM.Collect$$$$0000000B  mc_w.l(entry9a.o)
    0x080000fc   0x080000fc   0x00000000   Code   RO         4707    .ARM.Collect$$$$0000000D  mc_w.l(entry10a.o)
    0x080000fc   0x080000fc   0x00000000   Code   RO         4709    .ARM.Collect$$$$0000000F  mc_w.l(entry11a.o)
    0x080000fc   0x080000fc   0x00000004   Code   RO         4698    .ARM.Collect$$$$00002712  mc_w.l(entry2.o)
    0x08000100   0x08000100   0x00000024   Code   RO            4    .text               startup_stm32f103xb.o
    0x08000124   0x08000124   0x00000024   Code   RO         4431    .text               mc_w.l(memcpya.o)
    0x08000148   0x08000148   0x00000024   Code   RO         4433    .text               mc_w.l(memseta.o)
    0x0800016c   0x0800016c   0x00000024   Code   RO         4727    .text               mc_w.l(init.o)
    0x08000190   0x08000190   0x00000056   Code   RO         4743    .text               mc_w.l(__dczerorl2.o)
    0x080001e6   0x080001e6   0x00000002   Code   RO          447    i.BusFault_Handler  stm32f1xx_it.o
    0x080001e8   0x080001e8   0x00000004   Code   RO         3826    i.CUSTOM_HID_DeInit_FS  usbd_custom_hid_if.o
    0x080001ec   0x080001ec   0x00000004   Code   RO         3827    i.CUSTOM_HID_Init_FS  usbd_custom_hid_if.o
    0x080001f0   0x080001f0   0x00000004   Code   RO         3828    i.CUSTOM_HID_OutEvent_FS  usbd_custom_hid_if.o
    0x080001f4   0x080001f4   0x00000002   Code   RO          448    i.DebugMon_Handler  stm32f1xx_it.o
    0x080001f6   0x080001f6   0x00000004   Code   RO          218    i.Error_Handler     main.o
    0x080001fa   0x080001fa   0x00000002   PAD
    0x080001fc   0x080001fc   0x000001e0   Code   RO         1363    i.HAL_GPIO_Init     stm32f1xx_hal_gpio.o
    0x080003dc   0x080003dc   0x0000000a   Code   RO         1367    i.HAL_GPIO_WritePin  stm32f1xx_hal_gpio.o
    0x080003e6   0x080003e6   0x00000002   PAD
    0x080003e8   0x080003e8   0x0000000c   Code   RO         1059    i.HAL_GetTick       stm32f1xx_hal.o
    0x080003f4   0x080003f4   0x00000010   Code   RO         1065    i.HAL_IncTick       stm32f1xx_hal.o
    0x08000404   0x08000404   0x00000024   Code   RO         1066    i.HAL_Init          stm32f1xx_hal.o
    0x08000428   0x08000428   0x00000040   Code   RO         1067    i.HAL_InitTick      stm32f1xx_hal.o
    0x08000468   0x08000468   0x0000002c   Code   RO          535    i.HAL_MspInit       stm32f1xx_hal_msp.o
    0x08000494   0x08000494   0x0000001a   Code   RO         1523    i.HAL_NVIC_EnableIRQ  stm32f1xx_hal_cortex.o
    0x080004ae   0x080004ae   0x00000002   PAD
    0x080004b0   0x080004b0   0x00000040   Code   RO         1529    i.HAL_NVIC_SetPriority  stm32f1xx_hal_cortex.o
    0x080004f0   0x080004f0   0x00000024   Code   RO         1530    i.HAL_NVIC_SetPriorityGrouping  stm32f1xx_hal_cortex.o
    0x08000514   0x08000514   0x0000003c   Code   RO          828    i.HAL_PCDEx_PMAConfig  stm32f1xx_hal_pcd_ex.o
    0x08000550   0x08000550   0x00000002   Code   RO         3867    i.HAL_PCDEx_SetConnectionState  usbd_conf.o
    0x08000552   0x08000552   0x00000012   Code   RO         3869    i.HAL_PCD_DataInStageCallback  usbd_conf.o
    0x08000564   0x08000564   0x00000014   Code   RO         3870    i.HAL_PCD_DataOutStageCallback  usbd_conf.o
    0x08000578   0x08000578   0x0000004c   Code   RO          604    i.HAL_PCD_EP_Close  stm32f1xx_hal_pcd.o
    0x080005c4   0x080005c4   0x0000005c   Code   RO          605    i.HAL_PCD_EP_ClrStall  stm32f1xx_hal_pcd.o
    0x08000620   0x08000620   0x000000e6   Code   RO          606    i.HAL_PCD_EP_DB_Receive  stm32f1xx_hal_pcd.o
    0x08000706   0x08000706   0x00000330   Code   RO          607    i.HAL_PCD_EP_DB_Transmit  stm32f1xx_hal_pcd.o
    0x08000a36   0x08000a36   0x00000060   Code   RO          610    i.HAL_PCD_EP_Open   stm32f1xx_hal_pcd.o
    0x08000a96   0x08000a96   0x00000032   Code   RO          611    i.HAL_PCD_EP_Receive  stm32f1xx_hal_pcd.o
    0x08000ac8   0x08000ac8   0x00000072   Code   RO          612    i.HAL_PCD_EP_SetStall  stm32f1xx_hal_pcd.o
    0x08000b3a   0x08000b3a   0x00000034   Code   RO          613    i.HAL_PCD_EP_Transmit  stm32f1xx_hal_pcd.o
    0x08000b6e   0x08000b6e   0x00000154   Code   RO          615    i.HAL_PCD_IRQHandler  stm32f1xx_hal_pcd.o
    0x08000cc2   0x08000cc2   0x00000002   PAD
    0x08000cc4   0x08000cc4   0x000000da   Code   RO          618    i.HAL_PCD_Init      stm32f1xx_hal_pcd.o
    0x08000d9e   0x08000d9e   0x00000002   PAD
    0x08000da0   0x08000da0   0x0000003c   Code   RO         3875    i.HAL_PCD_MspInit   usbd_conf.o
    0x08000ddc   0x08000ddc   0x00000026   Code   RO         3876    i.HAL_PCD_ResetCallback  usbd_conf.o
    0x08000e02   0x08000e02   0x00000008   Code   RO         3877    i.HAL_PCD_ResumeCallback  usbd_conf.o
    0x08000e0a   0x08000e0a   0x00000008   Code   RO         3878    i.HAL_PCD_SOFCallback  usbd_conf.o
    0x08000e12   0x08000e12   0x00000028   Code   RO          624    i.HAL_PCD_SetAddress  stm32f1xx_hal_pcd.o
    0x08000e3a   0x08000e3a   0x0000000e   Code   RO         3879    i.HAL_PCD_SetupStageCallback  usbd_conf.o
    0x08000e48   0x08000e48   0x00000032   Code   RO          626    i.HAL_PCD_Start     stm32f1xx_hal_pcd.o
    0x08000e7a   0x08000e7a   0x00000002   PAD
    0x08000e7c   0x08000e7c   0x00000024   Code   RO         3880    i.HAL_PCD_SuspendCallback  usbd_conf.o
    0x08000ea0   0x08000ea0   0x000000ec   Code   RO         1326    i.HAL_RCCEx_PeriphCLKConfig  stm32f1xx_hal_rcc_ex.o
    0x08000f8c   0x08000f8c   0x0000012c   Code   RO         1223    i.HAL_RCC_ClockConfig  stm32f1xx_hal_rcc.o
    0x080010b8   0x080010b8   0x00000020   Code   RO         1230    i.HAL_RCC_GetPCLK1Freq  stm32f1xx_hal_rcc.o
    0x080010d8   0x080010d8   0x00000020   Code   RO         1231    i.HAL_RCC_GetPCLK2Freq  stm32f1xx_hal_rcc.o
    0x080010f8   0x080010f8   0x0000006c   Code   RO         1232    i.HAL_RCC_GetSysClockFreq  stm32f1xx_hal_rcc.o
    0x08001164   0x08001164   0x00000320   Code   RO         1235    i.HAL_RCC_OscConfig  stm32f1xx_hal_rcc.o
    0x08001484   0x08001484   0x000000b2   Code   RO         2034    i.HAL_SPI_Init      stm32f1xx_hal_spi.o
    0x08001536   0x08001536   0x00000002   PAD
    0x08001538   0x08001538   0x00000070   Code   RO          322    i.HAL_SPI_MspInit   spi.o
    0x080015a8   0x080015a8   0x00000028   Code   RO         1534    i.HAL_SYSTICK_Config  stm32f1xx_hal_cortex.o
    0x080015d0   0x080015d0   0x00000002   Code   RO         3051    i.HAL_TIMEx_BreakCallback  stm32f1xx_hal_tim_ex.o
    0x080015d2   0x080015d2   0x00000002   Code   RO         3052    i.HAL_TIMEx_CommutCallback  stm32f1xx_hal_tim_ex.o
    0x080015d4   0x080015d4   0x00000068   Code   RO         3070    i.HAL_TIMEx_MasterConfigSynchronization  stm32f1xx_hal_tim_ex.o
    0x0800163c   0x0800163c   0x0000005a   Code   RO         2347    i.HAL_TIM_Base_Init  stm32f1xx_hal_tim.o
    0x08001696   0x08001696   0x00000002   PAD
    0x08001698   0x08001698   0x0000003c   Code   RO          364    i.HAL_TIM_Base_MspInit  tim.o
    0x080016d4   0x080016d4   0x00000058   Code   RO         2352    i.HAL_TIM_Base_Start_IT  stm32f1xx_hal_tim.o
    0x0800172c   0x0800172c   0x000000d6   Code   RO         2356    i.HAL_TIM_ConfigClockSource  stm32f1xx_hal_tim.o
    0x08001802   0x08001802   0x00000002   Code   RO         2381    i.HAL_TIM_IC_CaptureCallback  stm32f1xx_hal_tim.o
    0x08001804   0x08001804   0x00000166   Code   RO         2395    i.HAL_TIM_IRQHandler  stm32f1xx_hal_tim.o
    0x0800196a   0x0800196a   0x00000002   Code   RO         2398    i.HAL_TIM_OC_DelayElapsedCallback  stm32f1xx_hal_tim.o
    0x0800196c   0x0800196c   0x00000002   Code   RO         2425    i.HAL_TIM_PWM_PulseFinishedCallback  stm32f1xx_hal_tim.o
    0x0800196e   0x0800196e   0x00000002   Code   RO         2433    i.HAL_TIM_PeriodElapsedCallback  stm32f1xx_hal_tim.o
    0x08001970   0x08001970   0x00000056   Code   RO         2436    i.HAL_TIM_SlaveConfigSynchro  stm32f1xx_hal_tim.o
    0x080019c6   0x080019c6   0x00000002   Code   RO         2438    i.HAL_TIM_TriggerCallback  stm32f1xx_hal_tim.o
    0x080019c8   0x080019c8   0x00000062   Code   RO         3347    i.HAL_UART_Init     stm32f1xx_hal_uart.o
    0x08001a2a   0x08001a2a   0x00000002   PAD
    0x08001a2c   0x08001a2c   0x00000070   Code   RO          406    i.HAL_UART_MspInit  usart.o
    0x08001a9c   0x08001a9c   0x000000b2   Code   RO         3355    i.HAL_UART_Transmit  stm32f1xx_hal_uart.o
    0x08001b4e   0x08001b4e   0x00000002   Code   RO          449    i.HardFault_Handler  stm32f1xx_it.o
    0x08001b50   0x08001b50   0x00000038   Code   RO         3744    i.IntToUnicode      usbd_desc.o
    0x08001b88   0x08001b88   0x00000094   Code   RO          297    i.MX_GPIO_Init      gpio.o
    0x08001c1c   0x08001c1c   0x0000004c   Code   RO          323    i.MX_SPI1_Init      spi.o
    0x08001c68   0x08001c68   0x00000084   Code   RO          365    i.MX_TIM4_Init      tim.o
    0x08001cec   0x08001cec   0x00000038   Code   RO          407    i.MX_USART1_UART_Init  usart.o
    0x08001d24   0x08001d24   0x00000054   Code   RO         3713    i.MX_USB_DEVICE_Init  usb_device.o
    0x08001d78   0x08001d78   0x00000002   Code   RO          450    i.MemManage_Handler  stm32f1xx_it.o
    0x08001d7a   0x08001d7a   0x00000002   Code   RO          451    i.NMI_Handler       stm32f1xx_it.o
    0x08001d7c   0x08001d7c   0x00000314   Code   RO          630    i.PCD_EP_ISR_Handler  stm32f1xx_hal_pcd.o
    0x08002090   0x08002090   0x00000002   Code   RO          452    i.PendSV_Handler    stm32f1xx_it.o
    0x08002092   0x08002092   0x00000002   Code   RO          453    i.SVC_Handler       stm32f1xx_it.o
    0x08002094   0x08002094   0x00000004   Code   RO          454    i.SysTick_Handler   stm32f1xx_it.o
    0x08002098   0x08002098   0x00000076   Code   RO          219    i.SystemClock_Config  main.o
    0x0800210e   0x0800210e   0x00000002   Code   RO         3676    i.SystemInit        system_stm32f1xx.o
    0x08002110   0x08002110   0x00000014   Code   RO          455    i.TIM4_IRQHandler   stm32f1xx_it.o
    0x08002124   0x08002124   0x0000006c   Code   RO         2440    i.TIM_Base_SetConfig  stm32f1xx_hal_tim.o
    0x08002190   0x08002190   0x00000014   Code   RO         2451    i.TIM_ETR_SetConfig  stm32f1xx_hal_tim.o
    0x080021a4   0x080021a4   0x00000010   Code   RO         2452    i.TIM_ITRx_SetConfig  stm32f1xx_hal_tim.o
    0x080021b4   0x080021b4   0x00000086   Code   RO         2457    i.TIM_SlaveTimer_SetConfig  stm32f1xx_hal_tim.o
    0x0800223a   0x0800223a   0x00000022   Code   RO         2458    i.TIM_TI1_ConfigInputStage  stm32f1xx_hal_tim.o
    0x0800225c   0x0800225c   0x00000024   Code   RO         2460    i.TIM_TI2_ConfigInputStage  stm32f1xx_hal_tim.o
    0x08002280   0x08002280   0x000000b8   Code   RO         3373    i.UART_SetConfig    stm32f1xx_hal_uart.o
    0x08002338   0x08002338   0x00000064   Code   RO         3376    i.UART_WaitOnFlagUntilTimeout  stm32f1xx_hal_uart.o
    0x0800239c   0x0800239c   0x0000000c   Code   RO         4342    i.USBD_CUSTOM_HID_DataIn  usbd_customhid.o
    0x080023a8   0x080023a8   0x00000024   Code   RO         4343    i.USBD_CUSTOM_HID_DataOut  usbd_customhid.o
    0x080023cc   0x080023cc   0x00000038   Code   RO         4344    i.USBD_CUSTOM_HID_DeInit  usbd_customhid.o
    0x08002404   0x08002404   0x00000022   Code   RO         4345    i.USBD_CUSTOM_HID_EP0_RxReady  usbd_customhid.o
    0x08002426   0x08002426   0x00000002   PAD
    0x08002428   0x08002428   0x0000000c   Code   RO         4346    i.USBD_CUSTOM_HID_GetDeviceQualifierDesc  usbd_customhid.o
    0x08002434   0x08002434   0x0000000c   Code   RO         4347    i.USBD_CUSTOM_HID_GetFSCfgDesc  usbd_customhid.o
    0x08002440   0x08002440   0x0000000c   Code   RO         4348    i.USBD_CUSTOM_HID_GetHSCfgDesc  usbd_customhid.o
    0x0800244c   0x0800244c   0x0000000c   Code   RO         4349    i.USBD_CUSTOM_HID_GetOtherSpeedCfgDesc  usbd_customhid.o
    0x08002458   0x08002458   0x00000052   Code   RO         4350    i.USBD_CUSTOM_HID_Init  usbd_customhid.o
    0x080024aa   0x080024aa   0x00000010   Code   RO         4351    i.USBD_CUSTOM_HID_RegisterInterface  usbd_customhid.o
    0x080024ba   0x080024ba   0x00000028   Code   RO         4352    i.USBD_CUSTOM_HID_SendReport  usbd_customhid.o
    0x080024e2   0x080024e2   0x00000002   PAD
    0x080024e4   0x080024e4   0x000000dc   Code   RO         4353    i.USBD_CUSTOM_HID_Setup  usbd_customhid.o
    0x080025c0   0x080025c0   0x0000000e   Code   RO         4079    i.USBD_ClrClassConfig  usbd_core.o
    0x080025ce   0x080025ce   0x00000010   Code   RO         4282    i.USBD_CtlContinueRx  usbd_ioreq.o
    0x080025de   0x080025de   0x00000010   Code   RO         4283    i.USBD_CtlContinueSendData  usbd_ioreq.o
    0x080025ee   0x080025ee   0x00000016   Code   RO         4217    i.USBD_CtlError     usbd_ctlreq.o
    0x08002604   0x08002604   0x0000001e   Code   RO         4284    i.USBD_CtlPrepareRx  usbd_ioreq.o
    0x08002622   0x08002622   0x00000016   Code   RO         4285    i.USBD_CtlReceiveStatus  usbd_ioreq.o
    0x08002638   0x08002638   0x0000001a   Code   RO         4286    i.USBD_CtlSendData  usbd_ioreq.o
    0x08002652   0x08002652   0x00000016   Code   RO         4287    i.USBD_CtlSendStatus  usbd_ioreq.o
    0x08002668   0x08002668   0x00000028   Code   RO         3745    i.USBD_FS_ConfigStrDescriptor  usbd_desc.o
    0x08002690   0x08002690   0x0000000c   Code   RO         3746    i.USBD_FS_DeviceDescriptor  usbd_desc.o
    0x0800269c   0x0800269c   0x0000002c   Code   RO         3747    i.USBD_FS_InterfaceStrDescriptor  usbd_desc.o
    0x080026c8   0x080026c8   0x0000000c   Code   RO         3748    i.USBD_FS_LangIDStrDescriptor  usbd_desc.o
    0x080026d4   0x080026d4   0x00000028   Code   RO         3749    i.USBD_FS_ManufacturerStrDescriptor  usbd_desc.o
    0x080026fc   0x080026fc   0x00000034   Code   RO         3750    i.USBD_FS_ProductStrDescriptor  usbd_desc.o
    0x08002730   0x08002730   0x00000038   Code   RO         3751    i.USBD_FS_SerialStrDescriptor  usbd_desc.o
    0x08002768   0x08002768   0x000000e8   Code   RO         4218    i.USBD_GetDescriptor  usbd_ctlreq.o
    0x08002850   0x08002850   0x00000048   Code   RO         4219    i.USBD_GetString    usbd_ctlreq.o
    0x08002898   0x08002898   0x00000018   Code   RO         3881    i.USBD_Get_USB_Status  usbd_conf.o
    0x080028b0   0x080028b0   0x0000002a   Code   RO         4081    i.USBD_Init         usbd_core.o
    0x080028da   0x080028da   0x00000012   Code   RO         3882    i.USBD_LL_ClearStallEP  usbd_conf.o
    0x080028ec   0x080028ec   0x00000012   Code   RO         3883    i.USBD_LL_CloseEP   usbd_conf.o
    0x080028fe   0x080028fe   0x000000c6   Code   RO         4082    i.USBD_LL_DataInStage  usbd_core.o
    0x080029c4   0x080029c4   0x00000082   Code   RO         4083    i.USBD_LL_DataOutStage  usbd_core.o
    0x08002a46   0x08002a46   0x00000002   PAD
    0x08002a48   0x08002a48   0x00000070   Code   RO         3888    i.USBD_LL_Init      usbd_conf.o
    0x08002ab8   0x08002ab8   0x00000020   Code   RO         3889    i.USBD_LL_IsStallEP  usbd_conf.o
    0x08002ad8   0x08002ad8   0x00000018   Code   RO         3890    i.USBD_LL_OpenEP    usbd_conf.o
    0x08002af0   0x08002af0   0x00000012   Code   RO         3891    i.USBD_LL_PrepareReceive  usbd_conf.o
    0x08002b02   0x08002b02   0x00000050   Code   RO         4088    i.USBD_LL_Reset     usbd_core.o
    0x08002b52   0x08002b52   0x00000014   Code   RO         4089    i.USBD_LL_Resume    usbd_core.o
    0x08002b66   0x08002b66   0x00000018   Code   RO         4090    i.USBD_LL_SOF       usbd_core.o
    0x08002b7e   0x08002b7e   0x00000006   Code   RO         4091    i.USBD_LL_SetSpeed  usbd_core.o
    0x08002b84   0x08002b84   0x00000012   Code   RO         3892    i.USBD_LL_SetUSBAddress  usbd_conf.o
    0x08002b96   0x08002b96   0x0000005a   Code   RO         4092    i.USBD_LL_SetupStage  usbd_core.o
    0x08002bf0   0x08002bf0   0x00000012   Code   RO         3893    i.USBD_LL_StallEP   usbd_conf.o
    0x08002c02   0x08002c02   0x00000012   Code   RO         3894    i.USBD_LL_Start     usbd_conf.o
    0x08002c14   0x08002c14   0x00000012   Code   RO         4093    i.USBD_LL_Suspend   usbd_core.o
    0x08002c26   0x08002c26   0x00000012   Code   RO         3896    i.USBD_LL_Transmit  usbd_conf.o
    0x08002c38   0x08002c38   0x00000028   Code   RO         4220    i.USBD_ParseSetupRequest  usbd_ctlreq.o
    0x08002c60   0x08002c60   0x00000010   Code   RO         4094    i.USBD_RegisterClass  usbd_core.o
    0x08002c70   0x08002c70   0x00000016   Code   RO         4096    i.USBD_SetClassConfig  usbd_core.o
    0x08002c86   0x08002c86   0x00000002   PAD
    0x08002c88   0x08002c88   0x00000084   Code   RO         4221    i.USBD_SetConfig    usbd_ctlreq.o
    0x08002d0c   0x08002d0c   0x0000000a   Code   RO         4097    i.USBD_Start        usbd_core.o
    0x08002d16   0x08002d16   0x00000112   Code   RO         4222    i.USBD_StdDevReq    usbd_ctlreq.o
    0x08002e28   0x08002e28   0x00000150   Code   RO         4223    i.USBD_StdEPReq     usbd_ctlreq.o
    0x08002f78   0x08002f78   0x0000004e   Code   RO         4224    i.USBD_StdItfReq    usbd_ctlreq.o
    0x08002fc6   0x08002fc6   0x00000002   Code   RO         3897    i.USBD_static_free  usbd_conf.o
    0x08002fc8   0x08002fc8   0x00000008   Code   RO         3898    i.USBD_static_malloc  usbd_conf.o
    0x08002fd0   0x08002fd0   0x00000258   Code   RO          868    i.USB_ActivateEndpoint  stm32f1xx_ll_usb.o
    0x08003228   0x08003228   0x00000004   Code   RO          871    i.USB_CoreInit      stm32f1xx_ll_usb.o
    0x0800322c   0x0800322c   0x0000010e   Code   RO          873    i.USB_DeactivateEndpoint  stm32f1xx_ll_usb.o
    0x0800333a   0x0800333a   0x00000004   Code   RO          874    i.USB_DevConnect    stm32f1xx_ll_usb.o
    0x0800333e   0x0800333e   0x00000004   Code   RO          875    i.USB_DevDisconnect  stm32f1xx_ll_usb.o
    0x08003342   0x08003342   0x00000012   Code   RO          876    i.USB_DevInit       stm32f1xx_ll_usb.o
    0x08003354   0x08003354   0x0000000e   Code   RO          877    i.USB_DisableGlobalInt  stm32f1xx_ll_usb.o
    0x08003362   0x08003362   0x00000004   Code   RO          878    i.USB_EP0_OutStart  stm32f1xx_ll_usb.o
    0x08003366   0x08003366   0x00000078   Code   RO          879    i.USB_EPClearStall  stm32f1xx_ll_usb.o
    0x080033de   0x080033de   0x00000032   Code   RO          880    i.USB_EPSetStall    stm32f1xx_ll_usb.o
    0x08003410   0x08003410   0x0000060c   Code   RO          881    i.USB_EPStartXfer   stm32f1xx_ll_usb.o
    0x08003a1c   0x08003a1c   0x00000012   Code   RO          882    i.USB_EnableGlobalInt  stm32f1xx_ll_usb.o
    0x08003a2e   0x08003a2e   0x00000002   PAD
    0x08003a30   0x08003a30   0x0000000c   Code   RO          456    i.USB_LP_CAN1_RX0_IRQHandler  stm32f1xx_it.o
    0x08003a3c   0x08003a3c   0x00000006   Code   RO          889    i.USB_ReadInterrupts  stm32f1xx_ll_usb.o
    0x08003a42   0x08003a42   0x00000002   PAD
    0x08003a44   0x08003a44   0x0000002c   Code   RO          890    i.USB_ReadPMA       stm32f1xx_ll_usb.o
    0x08003a70   0x08003a70   0x00000004   Code   RO          891    i.USB_SetCurrentMode  stm32f1xx_ll_usb.o
    0x08003a74   0x08003a74   0x0000000c   Code   RO          892    i.USB_SetDevAddress  stm32f1xx_ll_usb.o
    0x08003a80   0x08003a80   0x00000026   Code   RO          894    i.USB_WritePMA      stm32f1xx_ll_usb.o
    0x08003aa6   0x08003aa6   0x00000002   Code   RO          457    i.UsageFault_Handler  stm32f1xx_it.o
    0x08003aa8   0x08003aa8   0x00000010   Code   RO         4438    i.__0printf$bare    mc_w.l(printfb.o)
    0x08003ab8   0x08003ab8   0x00000020   Code   RO         1536    i.__NVIC_SetPriority  stm32f1xx_hal_cortex.o
    0x08003ad8   0x08003ad8   0x0000000e   Code   RO         4737    i.__scatterload_copy  mc_w.l(handlers.o)
    0x08003ae6   0x08003ae6   0x00000002   Code   RO         4738    i.__scatterload_null  mc_w.l(handlers.o)
    0x08003ae8   0x08003ae8   0x0000000e   Code   RO         4739    i.__scatterload_zeroinit  mc_w.l(handlers.o)
    0x08003af6   0x08003af6   0x00000022   Code   RO         4445    i._printf_core      mc_w.l(printfb.o)
    0x08003b18   0x08003b18   0x00000018   Code   RO           13    i.fputc             debug.o
    0x08003b30   0x08003b30   0x0000003c   Code   RO          139    i.hal_key_debounce  hal_key.o
    0x08003b6c   0x08003b6c   0x0000001c   Code   RO          140    i.hal_key_init      hal_key.o
    0x08003b88   0x08003b88   0x00000080   Code   RO          141    i.hal_key_scan      hal_key.o
    0x08003c08   0x08003c08   0x00000010   Code   RO          142    i.is_fn_key_press   hal_key.o
    0x08003c18   0x08003c18   0x00000100   Code   RO          143    i.key_remap         hal_key.o
    0x08003d18   0x08003d18   0x00000024   Code   RO          220    i.key_time_callback  main.o
    0x08003d3c   0x08003d3c   0x00000044   Code   RO          221    i.main              main.o
    0x08003d80   0x08003d80   0x0000020a   Data   RO          145    .constdata          hal_key.o
    0x08003f8a   0x08003f8a   0x00000010   Data   RO         3677    .constdata          system_stm32f1xx.o
    0x08003f9a   0x08003f9a   0x00000008   Data   RO         3678    .constdata          system_stm32f1xx.o
    0x08003fa2   0x08003fa2   0x00000002   PAD
    0x08003fa4   0x08003fa4   0x00000020   Data   RO         4735    Region$$Table       anon$$obj.o


    Execution Region RW_IRAM1 (Exec base: 0x20000000, Load base: 0x08003fc4, Size: 0x00000e68, Max: 0x00005000, ABSOLUTE, COMPRESSED[0x000000dc])

    Exec Addr    Load Addr    Size         Type   Attr      Idx    E Section Name        Object

    0x20000000   COMPRESSED   0x00000004   Data   RW          146    .data               hal_key.o
    0x20000004   COMPRESSED   0x0000000c   Data   RW         1073    .data               stm32f1xx_hal.o
    0x20000010   COMPRESSED   0x00000004   Data   RW         3679    .data               system_stm32f1xx.o
    0x20000014   COMPRESSED   0x0000001c   Data   RW         3753    .data               usbd_desc.o
    0x20000030   COMPRESSED   0x00000032   Data   RW         3754    .data               usbd_desc.o
    0x20000062   COMPRESSED   0x00000002   PAD
    0x20000064   COMPRESSED   0x00000039   Data   RW         3829    .data               usbd_custom_hid_if.o
    0x2000009d   COMPRESSED   0x00000003   PAD
    0x200000a0   COMPRESSED   0x00000010   Data   RW         3830    .data               usbd_custom_hid_if.o
    0x200000b0   COMPRESSED   0x00000001   Data   RW         4225    .data               usbd_ctlreq.o
    0x200000b1   COMPRESSED   0x00000003   PAD
    0x200000b4   COMPRESSED   0x00000038   Data   RW         4354    .data               usbd_customhid.o
    0x200000ec   COMPRESSED   0x0000009a   Data   RW         4355    .data               usbd_customhid.o
    0x20000186   COMPRESSED   0x00000002   PAD
    0x20000188   COMPRESSED   0x00000004   Data   RW         4711    .data               mc_w.l(stdout.o)
    0x2000018c        -       0x00000027   Zero   RW          144    .bss                hal_key.o
    0x200001b3   COMPRESSED   0x00000001   PAD
    0x200001b4        -       0x00000058   Zero   RW          324    .bss                spi.o
    0x2000020c        -       0x00000048   Zero   RW          366    .bss                tim.o
    0x20000254        -       0x00000044   Zero   RW          408    .bss                usart.o
    0x20000298        -       0x000002c4   Zero   RW         3714    .bss                usb_device.o
    0x2000055c        -       0x00000200   Zero   RW         3752    .bss                usbd_desc.o
    0x2000075c        -       0x00000308   Zero   RW         3899    .bss                usbd_conf.o
    0x20000a64   COMPRESSED   0x00000004   PAD
    0x20000a68        -       0x00000400   Zero   RW            1    STACK               startup_stm32f103xb.o


==============================================================================

Image component sizes


      Code (inc. data)   RO Data    RW Data    ZI Data      Debug   Object Name

        24          4          0          0          0     446380   debug.o
       148         14          0          0          0       1011   gpio.o
       488         40        522          4         39       4488   hal_key.o
       226         28          0          0          0       8715   main.o
       188         24          0          0         88       1697   spi.o
        36          8        236          0       1024        812   startup_stm32f103xb.o
       128         24          0         12          0       5361   stm32f1xx_hal.o
       198         14          0          0          0      28995   stm32f1xx_hal_cortex.o
       490         34          0          0          0       2916   stm32f1xx_hal_gpio.o
        44          6          0          0          0        850   stm32f1xx_hal_msp.o
      2962          0          0          0          0      13405   stm32f1xx_hal_pcd.o
        60          0          0          0          0       1190   stm32f1xx_hal_pcd_ex.o
      1272        100          0          0          0       5244   stm32f1xx_hal_rcc.o
       236         12          0          0          0       1404   stm32f1xx_hal_rcc_ex.o
       178          0          0          0          0       1251   stm32f1xx_hal_spi.o
      1194         34          0          0          0      11930   stm32f1xx_hal_tim.o
       108         12          0          0          0       2405   stm32f1xx_hal_tim_ex.o
       560          6          0          0          0       3988   stm32f1xx_hal_uart.o
        52         10          0          0          0       4897   stm32f1xx_it.o
      2758          0          0          0          0      16731   stm32f1xx_ll_usb.o
         2          0         24          4          0       1143   system_stm32f1xx.o
       192         20          0          0         72       1730   tim.o
       168         20          0          0         68       1710   usart.o
        84         18          0          0        708        812   usb_device.o
       532         28          0          0        776      13881   usbd_conf.o
       670          0          0          0          0       9587   usbd_core.o
      1186         28          0          1          0       7996   usbd_ctlreq.o
        12          0          0         73          0       2120   usbd_custom_hid_if.o
       544         30          0        210          0      10915   usbd_customhid.o
       312        128          0         78        512       6033   usbd_desc.o
       132          0          0          0          0       4388   usbd_ioreq.o

    ----------------------------------------------------------------------
     15214        642        816        392       3292     623985   Object Totals
         0          0         32          0          0          0   (incl. Generated)
        30          0          2         10          5          0   (incl. Padding)

    ----------------------------------------------------------------------

      Code (inc. data)   RO Data    RW Data    ZI Data      Debug   Library Member Name

        86          0          0          0          0          0   __dczerorl2.o
         0          0          0          0          0          0   entry.o
         0          0          0          0          0          0   entry10a.o
         0          0          0          0          0          0   entry11a.o
         8          4          0          0          0          0   entry2.o
         4          0          0          0          0          0   entry5.o
         0          0          0          0          0          0   entry7b.o
         0          0          0          0          0          0   entry8b.o
         8          4          0          0          0          0   entry9a.o
        30          0          0          0          0          0   handlers.o
        36          8          0          0          0         68   init.o
        36          0          0          0          0         68   memcpya.o
        36          0          0          0          0        108   memseta.o
        50          8          0          0          0        152   printfb.o
         0          0          0          4          0          0   stdout.o

    ----------------------------------------------------------------------
       294         24          0          4          0        396   Library Totals
         0          0          0          0          0          0   (incl. Padding)

    ----------------------------------------------------------------------

      Code (inc. data)   RO Data    RW Data    ZI Data      Debug   Library Name

       294         24          0          4          0        396   mc_w.l

    ----------------------------------------------------------------------
       294         24          0          4          0        396   Library Totals

    ----------------------------------------------------------------------

==============================================================================


      Code (inc. data)   RO Data    RW Data    ZI Data      Debug   

     15508        666        816        396       3292     615669   Grand Totals
     15508        666        816        220       3292     615669   ELF Image Totals (compressed)
     15508        666        816        220          0          0   ROM Totals

==============================================================================

    Total RO  Size (Code + RO Data)                16324 (  15.94kB)
    Total RW  Size (RW Data + ZI Data)              3688 (   3.60kB)
    Total ROM Size (Code + RO Data + RW Data)      16544 (  16.16kB)

==============================================================================

